CCS PCM C Compiler, Version 5.091, 13314               11-jul.-22 11:52

               Filename:   C:\Users\j_ari\Dropbox\Curso Primavera 2022\Uppuebla\Sistemas de computo\repositorio\Convertidor_ADC\main.lst

               ROM used:   1481 words (18%)
                           Largest free fragment is 2048
               RAM used:   14 (4%) at main() level
                           40 (11%) worst case
               Stack used: 4 locations
               Stack size: 8

0000:  MOVLW  05
0001:  MOVWF  0A
0002:  GOTO   51B
0003:  NOP
.................... #include <main.h>
.................... #include <16f877a.h>
.................... //////////// Standard Header file for the PIC16F877A device ////////////////
.................... ///////////////////////////////////////////////////////////////////////////
.................... ////        (C) Copyright 1996, 2014 Custom Computer Services          ////
.................... //// This source code may only be used by licensed users of the CCS C  ////
.................... //// compiler.  This source code may only be distributed to other      ////
.................... //// licensed users of the CCS C compiler.  No other use, reproduction ////
.................... //// or distribution is permitted without written permission.          ////
.................... //// Derivative programs created using this software in object code    ////
.................... //// form are not restricted in any way.                               ////
.................... ///////////////////////////////////////////////////////////////////////////
.................... #device PIC16F877A
0004:  DATA A0,06
0005:  DATA 20,2B
0006:  DATA 61,36
0007:  DATA 6F,39
0008:  DATA BD,12
0009:  DATA 66,10
000A:  DATA 00,00
*
00B0:  MOVLW  8E
00B1:  MOVWF  77
00B2:  MOVF   28,W
00B3:  MOVWF  78
00B4:  MOVF   27,W
00B5:  MOVWF  79
00B6:  CLRF   7A
00B7:  MOVF   78,F
00B8:  BTFSS  03.2
00B9:  GOTO   0C4
00BA:  MOVF   79,W
00BB:  MOVWF  78
00BC:  CLRF   79
00BD:  MOVLW  08
00BE:  SUBWF  77,F
00BF:  MOVF   78,F
00C0:  BTFSS  03.2
00C1:  GOTO   0C4
00C2:  CLRF   77
00C3:  GOTO   0CC
00C4:  BCF    03.0
00C5:  BTFSC  78.7
00C6:  GOTO   0CB
00C7:  RLF    79,F
00C8:  RLF    78,F
00C9:  DECF   77,F
00CA:  GOTO   0C4
00CB:  BCF    78.7
00CC:  BCF    0A.3
00CD:  BCF    0A.4
00CE:  GOTO   54C (RETURN)
00CF:  MOVF   36,W
00D0:  BTFSC  03.2
00D1:  GOTO   13F
00D2:  MOVWF  3E
00D3:  MOVF   3A,W
00D4:  BTFSC  03.2
00D5:  GOTO   13F
00D6:  ADDWF  3E,F
00D7:  BTFSC  03.0
00D8:  GOTO   0E0
00D9:  MOVLW  7F
00DA:  SUBWF  3E,F
00DB:  BTFSS  03.0
00DC:  GOTO   13F
00DD:  BTFSC  03.2
00DE:  GOTO   13F
00DF:  GOTO   0E4
00E0:  MOVLW  81
00E1:  ADDWF  3E,F
00E2:  BTFSC  03.0
00E3:  GOTO   13F
00E4:  MOVF   3E,W
00E5:  MOVWF  77
00E6:  CLRF   78
00E7:  CLRF   79
00E8:  CLRF   7A
00E9:  MOVF   37,W
00EA:  MOVWF  42
00EB:  BSF    42.7
00EC:  MOVF   38,W
00ED:  MOVWF  41
00EE:  MOVF   39,W
00EF:  MOVWF  40
00F0:  MOVLW  18
00F1:  MOVWF  3E
00F2:  CLRF   3F
00F3:  BTFSS  40.0
00F4:  GOTO   10D
00F5:  MOVF   3D,W
00F6:  ADDWF  7A,F
00F7:  BTFSS  03.0
00F8:  GOTO   0FF
00F9:  INCF   79,F
00FA:  BTFSS  03.2
00FB:  GOTO   0FF
00FC:  INCF   78,F
00FD:  BTFSC  03.2
00FE:  BSF    3F.7
00FF:  MOVF   3C,W
0100:  ADDWF  79,F
0101:  BTFSS  03.0
0102:  GOTO   106
0103:  INCF   78,F
0104:  BTFSC  03.2
0105:  BSF    3F.7
0106:  MOVF   3B,W
0107:  MOVWF  38
0108:  BSF    38.7
0109:  MOVF   38,W
010A:  ADDWF  78,F
010B:  BTFSC  03.0
010C:  BSF    3F.7
010D:  RLF    3F,F
010E:  RRF    78,F
010F:  RRF    79,F
0110:  RRF    7A,F
0111:  RRF    42,F
0112:  RRF    41,F
0113:  RRF    40,F
0114:  BCF    03.0
0115:  DECFSZ 3E,F
0116:  GOTO   0F2
0117:  MOVLW  01
0118:  ADDWF  77,F
0119:  BTFSC  03.0
011A:  GOTO   13F
011B:  BTFSC  78.7
011C:  GOTO   124
011D:  RLF    42,F
011E:  RLF    7A,F
011F:  RLF    79,F
0120:  RLF    78,F
0121:  DECF   77,F
0122:  BTFSC  03.2
0123:  GOTO   13F
0124:  BTFSS  42.7
0125:  GOTO   135
0126:  INCF   7A,F
0127:  BTFSS  03.2
0128:  GOTO   135
0129:  INCF   79,F
012A:  BTFSS  03.2
012B:  GOTO   135
012C:  INCF   78,F
012D:  BTFSS  03.2
012E:  GOTO   135
012F:  RRF    78,F
0130:  RRF    79,F
0131:  RRF    7A,F
0132:  INCF   77,F
0133:  BTFSC  03.2
0134:  GOTO   13F
0135:  MOVF   37,W
0136:  MOVWF  3F
0137:  MOVF   3B,W
0138:  XORWF  3F,F
0139:  BTFSS  3F.7
013A:  GOTO   13D
013B:  BSF    78.7
013C:  GOTO   143
013D:  BCF    78.7
013E:  GOTO   143
013F:  CLRF   77
0140:  CLRF   78
0141:  CLRF   79
0142:  CLRF   7A
0143:  RETURN
0144:  MOVF   29,W
0145:  BTFSC  03.2
0146:  GOTO   209
0147:  MOVWF  35
0148:  MOVF   2D,W
0149:  BTFSC  03.2
014A:  GOTO   209
014B:  SUBWF  35,F
014C:  BTFSS  03.0
014D:  GOTO   153
014E:  MOVLW  7F
014F:  ADDWF  35,F
0150:  BTFSC  03.0
0151:  GOTO   209
0152:  GOTO   159
0153:  MOVLW  81
0154:  SUBWF  35,F
0155:  BTFSS  03.0
0156:  GOTO   209
0157:  BTFSC  03.2
0158:  GOTO   209
0159:  MOVF   35,W
015A:  MOVWF  77
015B:  CLRF   78
015C:  CLRF   79
015D:  CLRF   7A
015E:  CLRF   34
015F:  MOVF   2A,W
0160:  MOVWF  33
0161:  BSF    33.7
0162:  MOVF   2B,W
0163:  MOVWF  32
0164:  MOVF   2C,W
0165:  MOVWF  31
0166:  MOVLW  19
0167:  MOVWF  35
0168:  MOVF   30,W
0169:  SUBWF  31,F
016A:  BTFSC  03.0
016B:  GOTO   17C
016C:  MOVLW  01
016D:  SUBWF  32,F
016E:  BTFSC  03.0
016F:  GOTO   17C
0170:  SUBWF  33,F
0171:  BTFSC  03.0
0172:  GOTO   17C
0173:  SUBWF  34,F
0174:  BTFSC  03.0
0175:  GOTO   17C
0176:  INCF   34,F
0177:  INCF   33,F
0178:  INCF   32,F
0179:  MOVF   30,W
017A:  ADDWF  31,F
017B:  GOTO   1AE
017C:  MOVF   2F,W
017D:  SUBWF  32,F
017E:  BTFSC  03.0
017F:  GOTO   197
0180:  MOVLW  01
0181:  SUBWF  33,F
0182:  BTFSC  03.0
0183:  GOTO   197
0184:  SUBWF  34,F
0185:  BTFSC  03.0
0186:  GOTO   197
0187:  INCF   34,F
0188:  INCF   33,F
0189:  MOVF   2F,W
018A:  ADDWF  32,F
018B:  MOVF   30,W
018C:  ADDWF  31,F
018D:  BTFSS  03.0
018E:  GOTO   1AE
018F:  INCF   32,F
0190:  BTFSS  03.2
0191:  GOTO   1AE
0192:  INCF   33,F
0193:  BTFSS  03.2
0194:  GOTO   1AE
0195:  INCF   34,F
0196:  GOTO   1AE
0197:  MOVF   2E,W
0198:  IORLW  80
0199:  SUBWF  33,F
019A:  BTFSC  03.0
019B:  GOTO   1AD
019C:  MOVLW  01
019D:  SUBWF  34,F
019E:  BTFSC  03.0
019F:  GOTO   1AD
01A0:  INCF   34,F
01A1:  MOVF   2E,W
01A2:  IORLW  80
01A3:  ADDWF  33,F
01A4:  MOVF   2F,W
01A5:  ADDWF  32,F
01A6:  BTFSS  03.0
01A7:  GOTO   18B
01A8:  INCF   33,F
01A9:  BTFSS  03.2
01AA:  GOTO   18B
01AB:  INCF   34,F
01AC:  GOTO   18B
01AD:  BSF    7A.0
01AE:  DECFSZ 35,F
01AF:  GOTO   1B1
01B0:  GOTO   1BC
01B1:  BCF    03.0
01B2:  RLF    31,F
01B3:  RLF    32,F
01B4:  RLF    33,F
01B5:  RLF    34,F
01B6:  BCF    03.0
01B7:  RLF    7A,F
01B8:  RLF    79,F
01B9:  RLF    78,F
01BA:  RLF    36,F
01BB:  GOTO   168
01BC:  BTFSS  36.0
01BD:  GOTO   1C4
01BE:  BCF    03.0
01BF:  RRF    78,F
01C0:  RRF    79,F
01C1:  RRF    7A,F
01C2:  RRF    36,F
01C3:  GOTO   1C7
01C4:  DECF   77,F
01C5:  BTFSC  03.2
01C6:  GOTO   209
01C7:  BTFSC  36.7
01C8:  GOTO   1F0
01C9:  BCF    03.0
01CA:  RLF    31,F
01CB:  RLF    32,F
01CC:  RLF    33,F
01CD:  RLF    34,F
01CE:  MOVF   30,W
01CF:  SUBWF  31,F
01D0:  BTFSC  03.0
01D1:  GOTO   1DC
01D2:  MOVLW  01
01D3:  SUBWF  32,F
01D4:  BTFSC  03.0
01D5:  GOTO   1DC
01D6:  SUBWF  33,F
01D7:  BTFSC  03.0
01D8:  GOTO   1DC
01D9:  SUBWF  34,F
01DA:  BTFSS  03.0
01DB:  GOTO   1FF
01DC:  MOVF   2F,W
01DD:  SUBWF  32,F
01DE:  BTFSC  03.0
01DF:  GOTO   1E7
01E0:  MOVLW  01
01E1:  SUBWF  33,F
01E2:  BTFSC  03.0
01E3:  GOTO   1E7
01E4:  SUBWF  34,F
01E5:  BTFSS  03.0
01E6:  GOTO   1FF
01E7:  MOVF   2E,W
01E8:  IORLW  80
01E9:  SUBWF  33,F
01EA:  BTFSC  03.0
01EB:  GOTO   1F0
01EC:  MOVLW  01
01ED:  SUBWF  34,F
01EE:  BTFSS  03.0
01EF:  GOTO   1FF
01F0:  INCF   7A,F
01F1:  BTFSS  03.2
01F2:  GOTO   1FF
01F3:  INCF   79,F
01F4:  BTFSS  03.2
01F5:  GOTO   1FF
01F6:  INCF   78,F
01F7:  BTFSS  03.2
01F8:  GOTO   1FF
01F9:  INCF   77,F
01FA:  BTFSC  03.2
01FB:  GOTO   209
01FC:  RRF    78,F
01FD:  RRF    79,F
01FE:  RRF    7A,F
01FF:  MOVF   2A,W
0200:  MOVWF  35
0201:  MOVF   2E,W
0202:  XORWF  35,F
0203:  BTFSS  35.7
0204:  GOTO   207
0205:  BSF    78.7
0206:  GOTO   20D
0207:  BCF    78.7
0208:  GOTO   20D
0209:  CLRF   77
020A:  CLRF   78
020B:  CLRF   79
020C:  CLRF   7A
020D:  BCF    0A.3
020E:  BCF    0A.4
020F:  GOTO   572 (RETURN)
*
0222:  MOVLW  80
0223:  BTFSC  03.1
0224:  XORWF  2E,F
0225:  CLRF   33
0226:  CLRF   34
0227:  MOVF   2A,W
0228:  MOVWF  32
0229:  MOVF   2E,W
022A:  XORWF  32,F
022B:  MOVF   29,W
022C:  BTFSC  03.2
022D:  GOTO   312
022E:  MOVWF  31
022F:  MOVWF  77
0230:  MOVF   2D,W
0231:  BTFSC  03.2
0232:  GOTO   31B
0233:  SUBWF  31,F
0234:  BTFSC  03.2
0235:  GOTO   2B7
0236:  BTFSS  03.0
0237:  GOTO   275
0238:  MOVF   2E,W
0239:  MOVWF  37
023A:  BSF    37.7
023B:  MOVF   2F,W
023C:  MOVWF  36
023D:  MOVF   30,W
023E:  MOVWF  35
023F:  CLRF   34
0240:  BCF    03.0
0241:  RRF    37,F
0242:  RRF    36,F
0243:  RRF    35,F
0244:  RRF    34,F
0245:  DECFSZ 31,F
0246:  GOTO   23F
0247:  BTFSS  32.7
0248:  GOTO   24C
0249:  BSF    33.0
024A:  GOTO   32F
024B:  BCF    33.0
024C:  BCF    31.0
024D:  BSF    33.4
024E:  MOVLW  2C
024F:  MOVWF  04
0250:  BCF    03.7
0251:  GOTO   344
0252:  BCF    33.4
0253:  BTFSC  32.7
0254:  GOTO   25F
0255:  BTFSS  31.0
0256:  GOTO   26A
0257:  RRF    37,F
0258:  RRF    36,F
0259:  RRF    35,F
025A:  RRF    34,F
025B:  INCF   77,F
025C:  BTFSC  03.2
025D:  GOTO   32A
025E:  GOTO   26A
025F:  BTFSC  37.7
0260:  GOTO   26D
0261:  BCF    03.0
0262:  RLF    34,F
0263:  RLF    35,F
0264:  RLF    36,F
0265:  RLF    37,F
0266:  DECF   77,F
0267:  BTFSC  03.2
0268:  GOTO   32A
0269:  GOTO   25F
026A:  BSF    33.6
026B:  GOTO   2D7
026C:  BCF    33.6
026D:  MOVF   2A,W
026E:  MOVWF  32
026F:  BTFSS  32.7
0270:  GOTO   273
0271:  BSF    37.7
0272:  GOTO   323
0273:  BCF    37.7
0274:  GOTO   323
0275:  MOVF   2D,W
0276:  MOVWF  31
0277:  MOVWF  77
0278:  MOVF   29,W
0279:  SUBWF  31,F
027A:  MOVF   2A,W
027B:  MOVWF  37
027C:  BSF    37.7
027D:  MOVF   2B,W
027E:  MOVWF  36
027F:  MOVF   2C,W
0280:  MOVWF  35
0281:  CLRF   34
0282:  BCF    03.0
0283:  RRF    37,F
0284:  RRF    36,F
0285:  RRF    35,F
0286:  RRF    34,F
0287:  DECFSZ 31,F
0288:  GOTO   281
0289:  BTFSS  32.7
028A:  GOTO   28E
028B:  BSF    33.1
028C:  GOTO   32F
028D:  BCF    33.1
028E:  BCF    31.0
028F:  BSF    33.5
0290:  MOVLW  30
0291:  MOVWF  04
0292:  BCF    03.7
0293:  GOTO   344
0294:  BCF    33.5
0295:  BTFSC  32.7
0296:  GOTO   2A1
0297:  BTFSS  31.0
0298:  GOTO   2AC
0299:  RRF    37,F
029A:  RRF    36,F
029B:  RRF    35,F
029C:  RRF    34,F
029D:  INCF   77,F
029E:  BTFSC  03.2
029F:  GOTO   32A
02A0:  GOTO   2AC
02A1:  BTFSC  37.7
02A2:  GOTO   2AF
02A3:  BCF    03.0
02A4:  RLF    34,F
02A5:  RLF    35,F
02A6:  RLF    36,F
02A7:  RLF    37,F
02A8:  DECF   77,F
02A9:  BTFSC  03.2
02AA:  GOTO   32A
02AB:  GOTO   2A1
02AC:  BSF    33.7
02AD:  GOTO   2D7
02AE:  BCF    33.7
02AF:  MOVF   2E,W
02B0:  MOVWF  32
02B1:  BTFSS  32.7
02B2:  GOTO   2B5
02B3:  BSF    37.7
02B4:  GOTO   323
02B5:  BCF    37.7
02B6:  GOTO   323
02B7:  MOVF   2E,W
02B8:  MOVWF  37
02B9:  BSF    37.7
02BA:  MOVF   2F,W
02BB:  MOVWF  36
02BC:  MOVF   30,W
02BD:  MOVWF  35
02BE:  BTFSS  32.7
02BF:  GOTO   2C4
02C0:  BCF    37.7
02C1:  BSF    33.2
02C2:  GOTO   32F
02C3:  BCF    33.2
02C4:  CLRF   34
02C5:  BCF    31.0
02C6:  MOVLW  2C
02C7:  MOVWF  04
02C8:  BCF    03.7
02C9:  GOTO   344
02CA:  BTFSC  32.7
02CB:  GOTO   2ED
02CC:  MOVF   2A,W
02CD:  MOVWF  32
02CE:  BTFSS  31.0
02CF:  GOTO   2D7
02D0:  RRF    37,F
02D1:  RRF    36,F
02D2:  RRF    35,F
02D3:  RRF    34,F
02D4:  INCF   77,F
02D5:  BTFSC  03.2
02D6:  GOTO   32A
02D7:  BTFSS  34.7
02D8:  GOTO   2E8
02D9:  INCF   35,F
02DA:  BTFSS  03.2
02DB:  GOTO   2E8
02DC:  INCF   36,F
02DD:  BTFSS  03.2
02DE:  GOTO   2E8
02DF:  INCF   37,F
02E0:  BTFSS  03.2
02E1:  GOTO   2E8
02E2:  RRF    37,F
02E3:  RRF    36,F
02E4:  RRF    35,F
02E5:  INCF   77,F
02E6:  BTFSC  03.2
02E7:  GOTO   32A
02E8:  BTFSC  33.6
02E9:  GOTO   26C
02EA:  BTFSC  33.7
02EB:  GOTO   2AE
02EC:  GOTO   30C
02ED:  MOVLW  80
02EE:  XORWF  37,F
02EF:  BTFSS  37.7
02F0:  GOTO   2F5
02F1:  GOTO   32F
02F2:  MOVF   2E,W
02F3:  MOVWF  32
02F4:  GOTO   302
02F5:  MOVF   2A,W
02F6:  MOVWF  32
02F7:  MOVF   37,F
02F8:  BTFSS  03.2
02F9:  GOTO   302
02FA:  MOVF   36,F
02FB:  BTFSS  03.2
02FC:  GOTO   302
02FD:  MOVF   35,F
02FE:  BTFSS  03.2
02FF:  GOTO   302
0300:  CLRF   77
0301:  GOTO   323
0302:  BTFSC  37.7
0303:  GOTO   30C
0304:  BCF    03.0
0305:  RLF    34,F
0306:  RLF    35,F
0307:  RLF    36,F
0308:  RLF    37,F
0309:  DECFSZ 77,F
030A:  GOTO   302
030B:  GOTO   32A
030C:  BTFSS  32.7
030D:  GOTO   310
030E:  BSF    37.7
030F:  GOTO   323
0310:  BCF    37.7
0311:  GOTO   323
0312:  MOVF   2D,W
0313:  MOVWF  77
0314:  MOVF   2E,W
0315:  MOVWF  37
0316:  MOVF   2F,W
0317:  MOVWF  36
0318:  MOVF   30,W
0319:  MOVWF  35
031A:  GOTO   323
031B:  MOVF   29,W
031C:  MOVWF  77
031D:  MOVF   2A,W
031E:  MOVWF  37
031F:  MOVF   2B,W
0320:  MOVWF  36
0321:  MOVF   2C,W
0322:  MOVWF  35
0323:  MOVF   37,W
0324:  MOVWF  78
0325:  MOVF   36,W
0326:  MOVWF  79
0327:  MOVF   35,W
0328:  MOVWF  7A
0329:  GOTO   362
032A:  CLRF   77
032B:  CLRF   78
032C:  CLRF   79
032D:  CLRF   7A
032E:  GOTO   362
032F:  CLRF   34
0330:  COMF   35,F
0331:  COMF   36,F
0332:  COMF   37,F
0333:  COMF   34,F
0334:  INCF   34,F
0335:  BTFSS  03.2
0336:  GOTO   33D
0337:  INCF   35,F
0338:  BTFSS  03.2
0339:  GOTO   33D
033A:  INCF   36,F
033B:  BTFSC  03.2
033C:  INCF   37,F
033D:  BTFSC  33.0
033E:  GOTO   24B
033F:  BTFSC  33.1
0340:  GOTO   28D
0341:  BTFSC  33.2
0342:  GOTO   2C3
0343:  GOTO   2F2
0344:  MOVF   00,W
0345:  ADDWF  35,F
0346:  BTFSS  03.0
0347:  GOTO   34E
0348:  INCF   36,F
0349:  BTFSS  03.2
034A:  GOTO   34E
034B:  INCF   37,F
034C:  BTFSC  03.2
034D:  BSF    31.0
034E:  DECF   04,F
034F:  MOVF   00,W
0350:  ADDWF  36,F
0351:  BTFSS  03.0
0352:  GOTO   356
0353:  INCF   37,F
0354:  BTFSC  03.2
0355:  BSF    31.0
0356:  DECF   04,F
0357:  MOVF   00,W
0358:  BTFSS  00.7
0359:  XORLW  80
035A:  ADDWF  37,F
035B:  BTFSC  03.0
035C:  BSF    31.0
035D:  BTFSC  33.4
035E:  GOTO   252
035F:  BTFSC  33.5
0360:  GOTO   294
0361:  GOTO   2CA
0362:  BCF    0A.3
0363:  BCF    0A.4
0364:  GOTO   5A5 (RETURN)
*
0391:  MOVF   0B,W
0392:  MOVWF  2A
0393:  BCF    0B.7
0394:  BSF    03.5
0395:  BSF    03.6
0396:  BSF    0C.7
0397:  BSF    0C.0
0398:  NOP
0399:  NOP
039A:  BCF    03.5
039B:  BCF    03.6
039C:  BTFSC  2A.7
039D:  BSF    0B.7
039E:  BTFSC  03.0
039F:  GOTO   3C8
03A0:  BSF    03.6
03A1:  MOVF   0C,W
03A2:  ANDLW  7F
03A3:  BCF    03.6
03A4:  MOVWF  2A
03A5:  BSF    03.6
03A6:  MOVF   0D,W
03A7:  BCF    03.6
03A8:  MOVWF  2B
03A9:  BSF    03.6
03AA:  MOVF   0F,W
03AB:  BCF    03.6
03AC:  MOVWF  2C
03AD:  MOVF   2A,W
03AE:  MOVWF  36
03AF:  CALL   365
03B0:  MOVF   2B,W
03B1:  BSF    03.6
03B2:  MOVWF  0D
03B3:  BCF    03.6
03B4:  MOVF   2C,W
03B5:  BSF    03.6
03B6:  MOVWF  0F
03B7:  BCF    03.6
03B8:  MOVF   0B,W
03B9:  MOVWF  2D
03BA:  BCF    0B.7
03BB:  BSF    03.5
03BC:  BSF    03.6
03BD:  BSF    0C.7
03BE:  BSF    0C.0
03BF:  NOP
03C0:  NOP
03C1:  BCF    03.5
03C2:  BCF    03.6
03C3:  BTFSC  2D.7
03C4:  BSF    0B.7
03C5:  DECFSZ 29,F
03C6:  GOTO   3C8
03C7:  GOTO   3E7
03C8:  BSF    03.6
03C9:  RLF    0C,W
03CA:  RLF    0E,W
03CB:  ANDLW  7F
03CC:  BCF    03.6
03CD:  MOVWF  2A
03CE:  BSF    03.6
03CF:  MOVF   0D,W
03D0:  BCF    03.6
03D1:  MOVWF  2B
03D2:  BSF    03.6
03D3:  MOVF   0F,W
03D4:  BCF    03.6
03D5:  MOVWF  2C
03D6:  MOVF   2A,W
03D7:  MOVWF  36
03D8:  CALL   365
03D9:  MOVF   2B,W
03DA:  BSF    03.6
03DB:  MOVWF  0D
03DC:  BCF    03.6
03DD:  MOVF   2C,W
03DE:  BSF    03.6
03DF:  MOVWF  0F
03E0:  INCF   0D,F
03E1:  BTFSC  03.2
03E2:  INCF   0F,F
03E3:  BCF    03.0
03E4:  BCF    03.6
03E5:  DECFSZ 29,F
03E6:  GOTO   391
03E7:  BCF    0A.3
03E8:  BCF    0A.4
03E9:  GOTO   5B7 (RETURN)
03EA:  BTFSC  03.1
03EB:  GOTO   3EF
03EC:  MOVLW  3E
03ED:  MOVWF  04
03EE:  BCF    03.7
03EF:  CLRF   77
03F0:  CLRF   78
03F1:  CLRF   79
03F2:  CLRF   7A
03F3:  CLRF   3E
03F4:  CLRF   3F
03F5:  CLRF   40
03F6:  CLRF   41
03F7:  MOVF   3D,W
03F8:  IORWF  3C,W
03F9:  IORWF  3B,W
03FA:  IORWF  3A,W
03FB:  BTFSC  03.2
03FC:  GOTO   42D
03FD:  MOVLW  20
03FE:  MOVWF  42
03FF:  BCF    03.0
0400:  RLF    36,F
0401:  RLF    37,F
0402:  RLF    38,F
0403:  RLF    39,F
0404:  RLF    3E,F
0405:  RLF    3F,F
0406:  RLF    40,F
0407:  RLF    41,F
0408:  MOVF   3D,W
0409:  SUBWF  41,W
040A:  BTFSS  03.2
040B:  GOTO   416
040C:  MOVF   3C,W
040D:  SUBWF  40,W
040E:  BTFSS  03.2
040F:  GOTO   416
0410:  MOVF   3B,W
0411:  SUBWF  3F,W
0412:  BTFSS  03.2
0413:  GOTO   416
0414:  MOVF   3A,W
0415:  SUBWF  3E,W
0416:  BTFSS  03.0
0417:  GOTO   427
0418:  MOVF   3A,W
0419:  SUBWF  3E,F
041A:  MOVF   3B,W
041B:  BTFSS  03.0
041C:  INCFSZ 3B,W
041D:  SUBWF  3F,F
041E:  MOVF   3C,W
041F:  BTFSS  03.0
0420:  INCFSZ 3C,W
0421:  SUBWF  40,F
0422:  MOVF   3D,W
0423:  BTFSS  03.0
0424:  INCFSZ 3D,W
0425:  SUBWF  41,F
0426:  BSF    03.0
0427:  RLF    77,F
0428:  RLF    78,F
0429:  RLF    79,F
042A:  RLF    7A,F
042B:  DECFSZ 42,F
042C:  GOTO   3FF
042D:  MOVF   3E,W
042E:  MOVWF  00
042F:  INCF   04,F
0430:  MOVF   3F,W
0431:  MOVWF  00
0432:  INCF   04,F
0433:  MOVF   40,W
0434:  MOVWF  00
0435:  INCF   04,F
0436:  MOVF   41,W
0437:  MOVWF  00
0438:  RETURN
0439:  MOVF   04,W
043A:  MOVWF  2E
043B:  MOVF   2D,W
043C:  MOVWF  30
043D:  BTFSC  03.2
043E:  GOTO   458
043F:  MOVF   2C,W
0440:  MOVWF  39
0441:  MOVF   2B,W
0442:  MOVWF  38
0443:  MOVF   2A,W
0444:  MOVWF  37
0445:  MOVF   29,W
0446:  MOVWF  36
0447:  CLRF   3D
0448:  CLRF   3C
0449:  MOVLW  20
044A:  MOVWF  3B
044B:  MOVLW  82
044C:  MOVWF  3A
044D:  CALL   0CF
044E:  MOVF   7A,W
044F:  MOVWF  2C
0450:  MOVF   79,W
0451:  MOVWF  2B
0452:  MOVF   78,W
0453:  MOVWF  2A
0454:  MOVF   77,W
0455:  MOVWF  29
0456:  DECFSZ 30,F
0457:  GOTO   43F
0458:  MOVF   2C,W
0459:  MOVWF  39
045A:  MOVF   2B,W
045B:  MOVWF  38
045C:  MOVF   2A,W
045D:  MOVWF  37
045E:  MOVF   29,W
045F:  MOVWF  36
0460:  MOVF   36,W
0461:  SUBLW  B6
0462:  MOVWF  36
0463:  CLRF   7A
0464:  MOVF   37,W
0465:  MOVWF  3A
0466:  BSF    37.7
0467:  BCF    03.0
0468:  RRF    37,F
0469:  RRF    38,F
046A:  RRF    39,F
046B:  RRF    7A,F
046C:  RRF    79,F
046D:  RRF    78,F
046E:  RRF    77,F
046F:  DECFSZ 36,F
0470:  GOTO   467
0471:  BTFSS  3A.7
0472:  GOTO   47E
0473:  COMF   77,F
0474:  COMF   78,F
0475:  COMF   79,F
0476:  COMF   7A,F
0477:  INCF   77,F
0478:  BTFSC  03.2
0479:  INCF   78,F
047A:  BTFSC  03.2
047B:  INCF   79,F
047C:  BTFSC  03.2
047D:  INCF   7A,F
047E:  MOVF   7A,W
047F:  MOVWF  2C
0480:  MOVF   79,W
0481:  MOVWF  2B
0482:  MOVF   78,W
0483:  MOVWF  2A
0484:  MOVF   77,W
0485:  MOVWF  29
0486:  BTFSS  2C.7
0487:  GOTO   495
0488:  DECF   2E,F
0489:  BSF    2E.5
048A:  COMF   29,F
048B:  COMF   2A,F
048C:  COMF   2B,F
048D:  COMF   2C,F
048E:  INCF   29,F
048F:  BTFSC  03.2
0490:  INCF   2A,F
0491:  BTFSC  03.2
0492:  INCF   2B,F
0493:  BTFSC  03.2
0494:  INCF   2C,F
0495:  MOVLW  3B
0496:  MOVWF  35
0497:  MOVLW  9A
0498:  MOVWF  34
0499:  MOVLW  CA
049A:  MOVWF  33
049B:  CLRF   32
049C:  MOVLW  0A
049D:  MOVWF  30
049E:  MOVF   2D,W
049F:  BTFSC  03.2
04A0:  INCF   2E,F
04A1:  BSF    03.1
04A2:  MOVLW  29
04A3:  MOVWF  04
04A4:  BCF    03.7
04A5:  MOVF   2C,W
04A6:  MOVWF  39
04A7:  MOVF   2B,W
04A8:  MOVWF  38
04A9:  MOVF   2A,W
04AA:  MOVWF  37
04AB:  MOVF   29,W
04AC:  MOVWF  36
04AD:  MOVF   35,W
04AE:  MOVWF  3D
04AF:  MOVF   34,W
04B0:  MOVWF  3C
04B1:  MOVF   33,W
04B2:  MOVWF  3B
04B3:  MOVF   32,W
04B4:  MOVWF  3A
04B5:  CALL   3EA
04B6:  MOVF   78,W
04B7:  MOVF   77,F
04B8:  BTFSS  03.2
04B9:  GOTO   4CD
04BA:  INCF   2D,W
04BB:  SUBWF  30,W
04BC:  BTFSC  03.2
04BD:  GOTO   4CD
04BE:  MOVF   2E,W
04BF:  BTFSC  03.2
04C0:  GOTO   4CF
04C1:  ANDLW  0F
04C2:  SUBWF  30,W
04C3:  BTFSC  03.2
04C4:  GOTO   4C7
04C5:  BTFSC  03.0
04C6:  GOTO   4FF
04C7:  BTFSC  2E.7
04C8:  GOTO   4FF
04C9:  BTFSC  2E.6
04CA:  GOTO   4CF
04CB:  MOVLW  20
04CC:  GOTO   4FB
04CD:  MOVLW  20
04CE:  ANDWF  2E,F
04CF:  BTFSS  2E.5
04D0:  GOTO   4DD
04D1:  BCF    2E.5
04D2:  MOVF   2D,W
04D3:  BTFSS  03.2
04D4:  DECF   2E,F
04D5:  MOVF   77,W
04D6:  MOVWF  2E
04D7:  MOVLW  2D
04D8:  MOVWF  36
04D9:  CALL   365
04DA:  MOVF   2E,W
04DB:  MOVWF  77
04DC:  CLRF   2E
04DD:  MOVF   2D,W
04DE:  SUBWF  30,W
04DF:  BTFSS  03.2
04E0:  GOTO   4EB
04E1:  MOVF   77,W
04E2:  MOVWF  2E
04E3:  MOVLW  2E
04E4:  MOVWF  36
04E5:  CALL   365
04E6:  MOVF   2E,W
04E7:  MOVWF  77
04E8:  MOVLW  20
04E9:  ANDWF  2E,F
04EA:  MOVLW  00
04EB:  MOVLW  30
04EC:  BTFSS  2E.5
04ED:  GOTO   4FB
04EE:  BCF    2E.5
04EF:  MOVF   2D,W
04F0:  BTFSS  03.2
04F1:  DECF   2E,F
04F2:  MOVF   77,W
04F3:  MOVWF  2E
04F4:  MOVLW  2D
04F5:  MOVWF  36
04F6:  CALL   365
04F7:  MOVF   2E,W
04F8:  MOVWF  77
04F9:  CLRF   2E
04FA:  MOVLW  30
04FB:  ADDWF  77,F
04FC:  MOVF   77,W
04FD:  MOVWF  36
04FE:  CALL   365
04FF:  BCF    03.1
0500:  MOVF   35,W
0501:  MOVWF  39
0502:  MOVF   34,W
0503:  MOVWF  38
0504:  MOVF   33,W
0505:  MOVWF  37
0506:  MOVF   32,W
0507:  MOVWF  36
0508:  CLRF   3D
0509:  CLRF   3C
050A:  CLRF   3B
050B:  MOVLW  0A
050C:  MOVWF  3A
050D:  CALL   3EA
050E:  MOVF   7A,W
050F:  MOVWF  35
0510:  MOVF   79,W
0511:  MOVWF  34
0512:  MOVF   78,W
0513:  MOVWF  33
0514:  MOVF   77,W
0515:  MOVWF  32
0516:  DECFSZ 30,F
0517:  GOTO   4A1
0518:  BCF    0A.3
0519:  BCF    0A.4
051A:  GOTO   5C4 (RETURN)
.................... 
.................... #list
.................... 
.................... #device ADC=10
.................... #use delay(clock=4M, crystal)
*
000B:  MOVLW  37
000C:  MOVWF  04
000D:  BCF    03.7
000E:  MOVF   00,W
000F:  BTFSC  03.2
0010:  GOTO   01F
0011:  MOVLW  01
0012:  MOVWF  78
0013:  CLRF   77
0014:  DECFSZ 77,F
0015:  GOTO   014
0016:  DECFSZ 78,F
0017:  GOTO   013
0018:  MOVLW  4A
0019:  MOVWF  77
001A:  DECFSZ 77,F
001B:  GOTO   01A
001C:  GOTO   01D
001D:  DECFSZ 00,F
001E:  GOTO   011
001F:  RETURN
....................   
.................... 
.................... int  TEMP = 0xff;
.................... #include <LCD.C>
.................... ///////////////////////////////////////////////////////////////////////////////
.................... ////                             LCD.C                                     ////
.................... ////                 Driver for common LCD modules                         ////
.................... ////                                                                       ////
.................... ////  lcd_init()   Must be called before any other function.               ////
.................... ////                                                                       ////
.................... ////  lcd_putc(c)  Will display c on the next position of the LCD.         ////
.................... ////                 \a  Set cursor position to upper left                 ////
.................... ////                 \f  Clear display, set cursor to upper left           ////
.................... ////                 \n  Go to start of second line                        ////
.................... ////                 \b  Move back one position                            ////
.................... ////              If LCD_EXTENDED_NEWLINE is defined, the \n character     ////
.................... ////              will erase all remanining characters on the current      ////
.................... ////              line, and move the cursor to the beginning of the next   ////
.................... ////              line.                                                    ////
.................... ////              If LCD_EXTENDED_NEWLINE is defined, the \r character     ////
.................... ////              will move the cursor to the start of the current         ////
.................... ////              line.                                                    ////
.................... ////                                                                       ////
.................... ////  lcd_gotoxy(x,y) Set write position on LCD (upper left is 1,1)        ////
.................... ////                                                                       ////
.................... ////  lcd_getc(x,y)   Returns character at position x,y on LCD             ////
.................... ////                                                                       ////
.................... ////  lcd_cursor_on(int1 on)   Turn the cursor on (on=TRUE) or off         ////
.................... ////              (on=FALSE).                                              ////
.................... ////                                                                       ////
.................... ////  lcd_set_cgram_char(w, *p)   Write a custom character to the CGRAM.   ////
.................... ////                                                                       ////
.................... ////                                                                       ////
.................... ////  CONFIGURATION                                                        ////
.................... ////  The LCD can be configured in one of two ways: a.) port access or     ////
.................... ////  b.) pin access.  Port access requires the entire 7 bit interface     ////
.................... ////  connected to one GPIO port, and the data bits (D4:D7 of the LCD)     ////
.................... ////  connected to sequential pins on the GPIO.  Pin access                ////
.................... ////  has no requirements, all 7 bits of the control interface can         ////
.................... ////  can be connected to any GPIO using several ports.                    ////
.................... ////                                                                       ////
.................... ////  To use port access, #define LCD_DATA_PORT to the SFR location of     ////
.................... ////  of the GPIO port that holds the interface, -AND- edit LCD_PIN_MAP    ////
.................... ////  of this file to configure the pin order.  If you are using a         ////
.................... ////  baseline PIC (PCB), then LCD_OUTPUT_MAP and LCD_INPUT_MAP also must  ////
.................... ////  be defined.                                                          ////
.................... ////                                                                       ////
.................... ////  Example of port access:                                              ////
.................... ////     #define LCD_DATA_PORT getenv("SFR:PORTD")                         ////
.................... ////                                                                       ////
.................... ////  To use pin access, the following pins must be defined:               ////
.................... ////     LCD_ENABLE_PIN                                                    ////
.................... ////     LCD_RS_PIN                                                        ////
.................... ////     LCD_RW_PIN                                                        ////
.................... ////     LCD_DATA4                                                         ////
.................... ////     LCD_DATA5                                                         ////
.................... ////     LCD_DATA6                                                         ////
.................... ////     LCD_DATA7                                                         ////
.................... ////                                                                       ////
.................... ////  Example of pin access:                                               ////
.................... ////     #define LCD_ENABLE_PIN  PIN_E0                                    ////
.................... ////     #define LCD_RS_PIN      PIN_E1                                    ////
.................... ////     #define LCD_RW_PIN      PIN_E2                                    ////
.................... ////     #define LCD_DATA4       PIN_D4                                    ////
.................... ////     #define LCD_DATA5       PIN_D5                                    ////
.................... ////     #define LCD_DATA6       PIN_D6                                    ////
.................... ////     #define LCD_DATA7       PIN_D7                                    ////
.................... ////                                                                       ////
.................... ///////////////////////////////////////////////////////////////////////////////
.................... ////        (C) Copyright 1996,2010 Custom Computer Services           ////
.................... //// This source code may only be used by licensed users of the CCS C  ////
.................... //// compiler.  This source code may only be distributed to other      ////
.................... //// licensed users of the CCS C compiler.  No other use, reproduction ////
.................... //// or distribution is permitted without written permission.          ////
.................... //// Derivative programs created using this software in object code    ////
.................... //// form are not restricted in any way.                               ////
.................... ///////////////////////////////////////////////////////////////////////////
.................... 
.................... #ifndef __LCD_C__
.................... #define __LCD_C__
.................... 
.................... // define the pinout.
.................... // only required if port access is being used.
.................... typedef struct  
.................... {                            // This structure is overlayed
....................    int1 enable;           // on to an I/O port to gain
....................    int1 rs;               // access to the LCD pins.
....................    int1 rw;               // The bits are allocated from
....................    int1 unused;           // low order up.  ENABLE will
....................    unsigned int     data : 4;         // be LSB pin of that port.
....................   #if defined(__PCD__)       // The port used will be LCD_DATA_PORT.
....................    unsigned int    reserved: 8;
....................   #endif
.................... } LCD_PIN_MAP;
.................... 
.................... // this is to improve compatability with previous LCD drivers that accepted
.................... // a define labeled 'use_portb_lcd' that configured the LCD onto port B.
.................... #if ((defined(use_portb_lcd)) && (use_portb_lcd==TRUE))
....................  #define LCD_DATA_PORT getenv("SFR:PORTB")
.................... #endif
.................... 
.................... #if defined(__PCB__)
....................    // these definitions only need to be modified for baseline PICs.
....................    // all other PICs use LCD_PIN_MAP or individual LCD_xxx pin definitions.
.................... /*                                    EN, RS,   RW,   UNUSED,  DATA  */
....................  const LCD_PIN_MAP LCD_OUTPUT_MAP =  {0,  0,    0,    0,       0};
....................  const LCD_PIN_MAP LCD_INPUT_MAP =   {0,  0,    0,    0,       0xF};
.................... #endif
.................... 
.................... ////////////////////// END CONFIGURATION ///////////////////////////////////
.................... 
.................... #ifndef LCD_ENABLE_PIN
....................    #define lcd_output_enable(x) lcdlat.enable=x
....................    #define lcd_enable_tris()   lcdtris.enable=0
.................... #else
....................    #define lcd_output_enable(x) output_bit(LCD_ENABLE_PIN, x)
....................    #define lcd_enable_tris()  output_drive(LCD_ENABLE_PIN)
.................... #endif
.................... 
.................... #ifndef LCD_RS_PIN
....................    #define lcd_output_rs(x) lcdlat.rs=x
....................    #define lcd_rs_tris()   lcdtris.rs=0
.................... #else
....................    #define lcd_output_rs(x) output_bit(LCD_RS_PIN, x)
....................    #define lcd_rs_tris()  output_drive(LCD_RS_PIN)
.................... #endif
.................... 
.................... #ifndef LCD_RW_PIN
....................    #define lcd_output_rw(x) lcdlat.rw=x
....................    #define lcd_rw_tris()   lcdtris.rw=0
.................... #else
....................    #define lcd_output_rw(x) output_bit(LCD_RW_PIN, x)
....................    #define lcd_rw_tris()  output_drive(LCD_RW_PIN)
.................... #endif
.................... 
.................... // original version of this library incorrectly labeled LCD_DATA0 as LCD_DATA4,
.................... // LCD_DATA1 as LCD_DATA5, and so on.  this block of code makes the driver
.................... // compatible with any code written for the original library
.................... #if (defined(LCD_DATA0) && defined(LCD_DATA1) && defined(LCD_DATA2) && defined(LCD_DATA3) && !defined(LCD_DATA4) && !defined(LCD_DATA5) && !defined(LCD_DATA6) && !defined(LCD_DATA7))
....................    #define  LCD_DATA4    LCD_DATA0
....................    #define  LCD_DATA5    LCD_DATA1
....................    #define  LCD_DATA6    LCD_DATA2
....................    #define  LCD_DATA7    LCD_DATA3
.................... #endif
.................... 
.................... #ifndef LCD_DATA4
.................... #ifndef LCD_DATA_PORT
....................    #if defined(__PCB__)
....................       #define LCD_DATA_PORT      0x06     //portb
....................       #define set_tris_lcd(x)   set_tris_b(x)
....................    #else
....................      #if defined(PIN_D0)
....................       #define LCD_DATA_PORT      getenv("SFR:PORTD")     //portd
....................      #else
....................       #define LCD_DATA_PORT      getenv("SFR:PORTB")     //portb
....................      #endif
....................    #endif   
.................... #endif
.................... 
.................... #if defined(__PCB__)
....................    LCD_PIN_MAP lcd, lcdlat;
....................    #byte lcd = LCD_DATA_PORT
....................    #byte lcdlat = LCD_DATA_PORT
.................... #elif defined(__PCM__)
....................    LCD_PIN_MAP lcd, lcdlat, lcdtris;
....................    #byte lcd = LCD_DATA_PORT
....................    #byte lcdlat = LCD_DATA_PORT
....................    #byte lcdtris = LCD_DATA_PORT+0x80
.................... #elif defined(__PCH__)
....................    LCD_PIN_MAP lcd, lcdlat, lcdtris;
....................    #byte lcd = LCD_DATA_PORT
....................    #byte lcdlat = LCD_DATA_PORT+9
....................    #byte lcdtris = LCD_DATA_PORT+0x12
.................... #elif defined(__PCD__)
....................    LCD_PIN_MAP lcd, lcdlat, lcdtris;
....................    #word lcd = LCD_DATA_PORT
....................    #word lcdlat = LCD_DATA_PORT+2
....................    #word lcdtris = LCD_DATA_PORT-0x02
.................... #endif
.................... #endif   //LCD_DATA4 not defined
.................... 
.................... #ifndef LCD_TYPE
....................    #define LCD_TYPE 2           // 0=5x7, 1=5x10, 2=2 lines
.................... #endif
.................... 
.................... #ifndef LCD_LINE_TWO
....................    #define LCD_LINE_TWO 0x40    // LCD RAM address for the second line
.................... #endif
.................... 
.................... #ifndef LCD_LINE_LENGTH
....................    #define LCD_LINE_LENGTH 20
.................... #endif
.................... 
.................... unsigned int8 lcd_read_nibble(void);
.................... 
.................... unsigned int8 lcd_read_byte(void)
.................... {
....................    unsigned int8 low,high;
.................... 
....................  #if defined(__PCB__)
....................    set_tris_lcd(LCD_INPUT_MAP);
....................  #else
....................   #if (defined(LCD_DATA4) && defined(LCD_DATA5) && defined(LCD_DATA6) && defined(LCD_DATA7))
....................    output_float(LCD_DATA4);
....................    output_float(LCD_DATA5);
....................    output_float(LCD_DATA6);
....................    output_float(LCD_DATA7);
....................   #else
....................    lcdtris.data = 0xF;
*
0038:  MOVLW  0F
0039:  BSF    03.5
003A:  ANDWF  08,W
003B:  IORLW  F0
003C:  MOVWF  08
....................   #endif
....................  #endif
....................         
....................    lcd_output_rw(1);
003D:  BCF    03.5
003E:  BSF    08.2
....................    delay_cycles(1);
003F:  NOP
....................    lcd_output_enable(1);
0040:  BSF    08.0
....................    delay_cycles(1);
0041:  NOP
....................    high = lcd_read_nibble();
0042:  CALL   02C
0043:  MOVF   78,W
0044:  MOVWF  3E
....................       
....................    lcd_output_enable(0);
0045:  BCF    08.0
....................    delay_cycles(1);
0046:  NOP
....................    lcd_output_enable(1);
0047:  BSF    08.0
....................    delay_us(1);
0048:  NOP
....................    low = lcd_read_nibble();
0049:  CALL   02C
004A:  MOVF   78,W
004B:  MOVWF  3D
....................       
....................    lcd_output_enable(0);
004C:  BCF    08.0
.................... 
....................  #if defined(__PCB__)
....................    set_tris_lcd(LCD_OUTPUT_MAP);
....................  #else
....................   #if (defined(LCD_DATA4) && defined(LCD_DATA5) && defined(LCD_DATA6) && defined(LCD_DATA7))
....................    output_drive(LCD_DATA4);
....................    output_drive(LCD_DATA5);
....................    output_drive(LCD_DATA6);
....................    output_drive(LCD_DATA7);
....................   #else
....................    lcdtris.data = 0x0;
004D:  MOVLW  0F
004E:  BSF    03.5
004F:  ANDWF  08,W
0050:  MOVWF  08
....................   #endif
....................  #endif
.................... 
....................    return( (high<<4) | low);
0051:  BCF    03.5
0052:  SWAPF  3E,W
0053:  MOVWF  77
0054:  MOVLW  F0
0055:  ANDWF  77,F
0056:  MOVF   77,W
0057:  IORWF  3D,W
0058:  MOVWF  78
.................... }
.................... 
.................... unsigned int8 lcd_read_nibble(void)
.................... {
....................   #if (defined(LCD_DATA4) && defined(LCD_DATA5) && defined(LCD_DATA6) && defined(LCD_DATA7))
....................    unsigned int8 n = 0x00;
.................... 
....................    /* Read the data port */
....................    n |= input(LCD_DATA4);
....................    n |= input(LCD_DATA5) << 1;
....................    n |= input(LCD_DATA6) << 2;
....................    n |= input(LCD_DATA7) << 3;
....................    
....................    return(n);
....................   #else
....................    return(lcd.data);
*
002C:  MOVF   08,W
002D:  MOVWF  77
002E:  SWAPF  08,W
002F:  ANDLW  0F
0030:  MOVWF  78
....................   #endif
0031:  RETURN
.................... }
.................... 
.................... void lcd_send_nibble(unsigned int8 n)
.................... {
....................   #if (defined(LCD_DATA4) && defined(LCD_DATA5) && defined(LCD_DATA6) && defined(LCD_DATA7))
....................    /* Write to the data port */
....................    output_bit(LCD_DATA4, bit_test(n, 0));
....................    output_bit(LCD_DATA5, bit_test(n, 1));
....................    output_bit(LCD_DATA6, bit_test(n, 2));
....................    output_bit(LCD_DATA7, bit_test(n, 3));
....................   #else      
....................    lcdlat.data = n;
*
0020:  SWAPF  3E,W
0021:  ANDLW  F0
0022:  MOVWF  77
0023:  MOVLW  0F
0024:  ANDWF  08,W
0025:  IORWF  77,W
0026:  MOVWF  08
....................   #endif
....................       
....................    delay_cycles(1);
0027:  NOP
....................    lcd_output_enable(1);
0028:  BSF    08.0
....................    delay_us(2);
0029:  GOTO   02A
....................    lcd_output_enable(0);
002A:  BCF    08.0
002B:  RETURN
.................... }
.................... 
.................... void lcd_send_byte(unsigned int8 address, unsigned int8 n)
.................... {
....................   #if defined(__PCB__)
....................    set_tris_lcd(LCD_OUTPUT_MAP);
....................   #else
....................    lcd_enable_tris();
*
0032:  BSF    03.5
0033:  BCF    08.0
....................    lcd_rs_tris();
0034:  BCF    08.1
....................    lcd_rw_tris();
0035:  BCF    08.2
....................   #endif
.................... 
....................    lcd_output_rs(0);
0036:  BCF    03.5
0037:  BCF    08.1
....................    while ( bit_test(lcd_read_byte(),7) ) ;
*
0059:  MOVF   78,W
005A:  MOVWF  3D
005B:  BTFSC  3D.7
005C:  GOTO   038
....................    lcd_output_rs(address);
005D:  BTFSS  3B.0
005E:  BCF    08.1
005F:  BTFSC  3B.0
0060:  BSF    08.1
....................    delay_cycles(1);
0061:  NOP
....................    lcd_output_rw(0);
0062:  BCF    08.2
....................    delay_cycles(1);
0063:  NOP
....................    lcd_output_enable(0);
0064:  BCF    08.0
....................    lcd_send_nibble(n >> 4);
0065:  SWAPF  3C,W
0066:  MOVWF  3D
0067:  MOVLW  0F
0068:  ANDWF  3D,F
0069:  MOVF   3D,W
006A:  MOVWF  3E
006B:  CALL   020
....................    lcd_send_nibble(n & 0xf);
006C:  MOVF   3C,W
006D:  ANDLW  0F
006E:  MOVWF  3D
006F:  MOVWF  3E
0070:  CALL   020
0071:  RETURN
.................... }
.................... 
.................... #if defined(LCD_EXTENDED_NEWLINE)
.................... unsigned int8 g_LcdX, g_LcdY;
.................... #endif
.................... 
.................... void lcd_init(void) 
.................... {
....................    unsigned int8 i;
....................    unsigned int8 LCD_INIT_STRING[4] = {0x20 | (LCD_TYPE << 2), 0xc, 1, 6};
0072:  MOVLW  28
0073:  MOVWF  26
0074:  MOVLW  0C
0075:  MOVWF  27
0076:  MOVLW  01
0077:  MOVWF  28
0078:  MOVLW  06
0079:  MOVWF  29
....................                              // These bytes need to be sent to the LCD
....................                              // to start it up.
....................    
.................... 
....................    lcd_output_enable(0);
007A:  BCF    08.0
....................    lcd_output_rs(0);
007B:  BCF    08.1
....................    lcd_output_rw(0);
007C:  BCF    08.2
.................... 
....................  #if defined(__PCB__)
....................    set_tris_lcd(LCD_OUTPUT_MAP);
....................  #else
....................   #if (defined(LCD_DATA4) && defined(LCD_DATA5) && defined(LCD_DATA6) && defined(LCD_DATA7))
....................    output_drive(LCD_DATA4);
....................    output_drive(LCD_DATA5);
....................    output_drive(LCD_DATA6);
....................    output_drive(LCD_DATA7);
....................   #else
....................    lcdtris.data = 0x0;
007D:  MOVLW  0F
007E:  BSF    03.5
007F:  ANDWF  08,W
0080:  MOVWF  08
....................   #endif
....................    lcd_enable_tris();
0081:  BCF    08.0
....................    lcd_rs_tris();
0082:  BCF    08.1
....................    lcd_rw_tris();
0083:  BCF    08.2
....................  #endif
....................     
....................    delay_ms(15);
0084:  MOVLW  0F
0085:  BCF    03.5
0086:  MOVWF  37
0087:  CALL   00B
....................    for(i=1;i<=3;++i)
0088:  MOVLW  01
0089:  MOVWF  25
008A:  MOVF   25,W
008B:  SUBLW  03
008C:  BTFSS  03.0
008D:  GOTO   096
....................    {
....................        lcd_send_nibble(3);
008E:  MOVLW  03
008F:  MOVWF  3E
0090:  CALL   020
....................        delay_ms(5);
0091:  MOVLW  05
0092:  MOVWF  37
0093:  CALL   00B
0094:  INCF   25,F
0095:  GOTO   08A
....................    }
....................    
....................    lcd_send_nibble(2);
0096:  MOVLW  02
0097:  MOVWF  3E
0098:  CALL   020
....................    delay_ms(5);
0099:  MOVLW  05
009A:  MOVWF  37
009B:  CALL   00B
....................    for(i=0;i<=3;++i)
009C:  CLRF   25
009D:  MOVF   25,W
009E:  SUBLW  03
009F:  BTFSS  03.0
00A0:  GOTO   0AD
....................       lcd_send_byte(0,LCD_INIT_STRING[i]);
00A1:  MOVLW  26
00A2:  ADDWF  25,W
00A3:  MOVWF  04
00A4:  BCF    03.7
00A5:  MOVF   00,W
00A6:  MOVWF  2A
00A7:  CLRF   3B
00A8:  MOVF   2A,W
00A9:  MOVWF  3C
00AA:  CALL   032
.................... 
....................   #if defined(LCD_EXTENDED_NEWLINE)
00AB:  INCF   25,F
00AC:  GOTO   09D
00AD:  BCF    0A.3
00AE:  BCF    0A.4
00AF:  GOTO   535 (RETURN)
....................    g_LcdX = 0;
....................    g_LcdY = 0;
....................   #endif
.................... }
.................... 
.................... void lcd_gotoxy(unsigned int8 x, unsigned int8 y)
.................... {
....................    unsigned int8 address;
....................    
....................    if(y!=1)
*
0210:  DECFSZ 38,W
0211:  GOTO   213
0212:  GOTO   216
....................       address=LCD_LINE_TWO;
0213:  MOVLW  40
0214:  MOVWF  39
0215:  GOTO   217
....................    else
....................       address=0;
0216:  CLRF   39
....................      
....................    address+=x-1;
0217:  MOVLW  01
0218:  SUBWF  37,W
0219:  ADDWF  39,F
....................    lcd_send_byte(0,0x80|address);
021A:  MOVF   39,W
021B:  IORLW  80
021C:  MOVWF  3A
021D:  CLRF   3B
021E:  MOVF   3A,W
021F:  MOVWF  3C
0220:  CALL   032
.................... 
....................   #if defined(LCD_EXTENDED_NEWLINE)
0221:  RETURN
....................    g_LcdX = x - 1;
....................    g_LcdY = y - 1;
....................   #endif
.................... }
.................... 
.................... void lcd_putc(char c)
.................... {
....................    switch (c)
*
0365:  MOVF   36,W
0366:  XORLW  07
0367:  BTFSC  03.2
0368:  GOTO   373
0369:  XORLW  0B
036A:  BTFSC  03.2
036B:  GOTO   378
036C:  XORLW  06
036D:  BTFSC  03.2
036E:  GOTO   380
036F:  XORLW  02
0370:  BTFSC  03.2
0371:  GOTO   386
0372:  GOTO   38B
....................    {
....................       case '\a'   :  lcd_gotoxy(1,1);     break;
0373:  MOVLW  01
0374:  MOVWF  37
0375:  MOVWF  38
0376:  CALL   210
0377:  GOTO   390
.................... 
....................       case '\f'   :  lcd_send_byte(0,1);
0378:  CLRF   3B
0379:  MOVLW  01
037A:  MOVWF  3C
037B:  CALL   032
....................                      delay_ms(2);
037C:  MOVLW  02
037D:  MOVWF  37
037E:  CALL   00B
....................                     #if defined(LCD_EXTENDED_NEWLINE)
....................                      g_LcdX = 0;
....................                      g_LcdY = 0;
....................                     #endif
....................                      break;
037F:  GOTO   390
.................... 
....................      #if defined(LCD_EXTENDED_NEWLINE)
....................       case '\r'   :  lcd_gotoxy(1, g_LcdY+1);   break;
....................       case '\n'   :
....................          while (g_LcdX++ < LCD_LINE_LENGTH)
....................          {
....................             lcd_send_byte(1, ' ');
....................          }
....................          lcd_gotoxy(1, g_LcdY+2);
....................          break;
....................      #else
....................       case '\n'   : lcd_gotoxy(1,2);        break;
0380:  MOVLW  01
0381:  MOVWF  37
0382:  MOVLW  02
0383:  MOVWF  38
0384:  CALL   210
0385:  GOTO   390
....................      #endif
....................      
....................       case '\b'   : lcd_send_byte(0,0x10);  break;
0386:  CLRF   3B
0387:  MOVLW  10
0388:  MOVWF  3C
0389:  CALL   032
038A:  GOTO   390
....................      
....................      #if defined(LCD_EXTENDED_NEWLINE)
....................       default     : 
....................          if (g_LcdX < LCD_LINE_LENGTH)
....................          {
....................             lcd_send_byte(1, c);
....................             g_LcdX++;
....................          }
....................          break;
....................      #else
....................       default     : lcd_send_byte(1,c);     break;
038B:  MOVLW  01
038C:  MOVWF  3B
038D:  MOVF   36,W
038E:  MOVWF  3C
038F:  CALL   032
....................      #endif
....................    }
0390:  RETURN
.................... }
....................  
.................... char lcd_getc(unsigned int8 x, unsigned int8 y)
.................... {
....................    char value;
.................... 
....................    lcd_gotoxy(x,y);
....................    while ( bit_test(lcd_read_byte(),7) ); // wait until busy flag is low
....................    lcd_output_rs(1);
....................    value = lcd_read_byte();
....................    lcd_output_rs(0);
....................    
....................    return(value);
.................... }
.................... 
.................... // write a custom character to the ram
.................... // which is 0-7 and specifies which character array we are modifying.
.................... // ptr points to an array of 8 bytes, where each byte is the next row of
.................... //    pixels.  only bits 0-4 are used.  the last row is the cursor row, and
.................... //    usually you will want to leave this byte 0x00.
.................... void lcd_set_cgram_char(unsigned int8 which, unsigned int8 *ptr)
.................... {
....................    unsigned int i;
.................... 
....................    which <<= 3;
....................    which &= 0x38;
.................... 
....................    lcd_send_byte(0, 0x40 | which);  //set cgram address
.................... 
....................    for(i=0; i<8; i++)
....................    {
....................       lcd_send_byte(1, *ptr++);
....................    }
....................   
....................    #if defined(LCD_EXTENDED_NEWLINE)
....................     lcd_gotoxy(g_LcdX+1, g_LcdY+1);  //set ddram address
....................    #endif
.................... }
.................... 
.................... void lcd_cursor_on(int1 on)
.................... {
....................    if (on)
....................    {
....................       lcd_send_byte(0,0x0F);           //turn LCD cursor ON
....................    }
....................    else
....................    {
....................       lcd_send_byte(0,0x0C);           //turn LCD cursor OFF
....................    }
.................... }
.................... 
.................... #endif
.................... 
.................... float  x;  //el resultado del convertidor
.................... void main()
*
051B:  MOVF   03,W
051C:  ANDLW  1F
051D:  MOVWF  03
051E:  MOVLW  FF
051F:  MOVWF  20
0520:  BSF    03.5
0521:  BSF    1F.0
0522:  BSF    1F.1
0523:  BSF    1F.2
0524:  BCF    1F.3
0525:  MOVLW  07
0526:  MOVWF  1C
0527:  BCF    03.7
.................... {
....................    setup_adc_ports(AN0_VREF_VREF);  //En esta línea se configura el ADC
0528:  BSF    1F.0
0529:  BSF    1F.1
052A:  BSF    1F.2
052B:  BSF    1F.3
....................    setup_adc(ADC_CLOCK_DIV_64);     //la velociad de conversión
052C:  BSF    1F.6
052D:  BCF    03.5
052E:  BCF    1F.6
052F:  BSF    1F.7
0530:  BSF    03.5
0531:  BSF    1F.7
0532:  BCF    03.5
0533:  BSF    1F.0
....................    lcd_init();                      //se configura la pantalla LCD
0534:  GOTO   072
....................    TEMP |= 0x0f;
0535:  MOVLW  0F
0536:  IORWF  20,F
....................    while(TRUE)
....................    {
....................    delay_ms(50);
0537:  MOVLW  32
0538:  MOVWF  37
0539:  CALL   00B
....................    x=read_adc()* 1.0/1023;
053A:  BSF    1F.2
053B:  BTFSC  1F.2
053C:  GOTO   53B
053D:  MOVF   1E,W
053E:  MOVWF  79
053F:  BSF    03.5
0540:  MOVF   1E,W
0541:  MOVWF  78
0542:  MOVF   79,W
0543:  BCF    03.5
0544:  MOVWF  26
0545:  MOVF   78,W
0546:  MOVWF  25
0547:  MOVF   26,W
0548:  MOVWF  28
0549:  MOVF   78,W
054A:  MOVWF  27
054B:  GOTO   0B0
054C:  MOVF   7A,W
054D:  MOVWF  39
054E:  MOVF   79,W
054F:  MOVWF  38
0550:  MOVF   78,W
0551:  MOVWF  37
0552:  MOVF   77,W
0553:  MOVWF  36
0554:  CLRF   3D
0555:  CLRF   3C
0556:  CLRF   3B
0557:  MOVLW  7F
0558:  MOVWF  3A
0559:  CALL   0CF
055A:  MOVF   7A,W
055B:  MOVWF  28
055C:  MOVF   79,W
055D:  MOVWF  27
055E:  MOVF   78,W
055F:  MOVWF  26
0560:  MOVF   77,W
0561:  MOVWF  25
0562:  MOVF   7A,W
0563:  MOVWF  2C
0564:  MOVF   79,W
0565:  MOVWF  2B
0566:  MOVF   78,W
0567:  MOVWF  2A
0568:  MOVF   77,W
0569:  MOVWF  29
056A:  CLRF   30
056B:  MOVLW  C0
056C:  MOVWF  2F
056D:  MOVLW  7F
056E:  MOVWF  2E
056F:  MOVLW  88
0570:  MOVWF  2D
0571:  GOTO   144
0572:  MOVF   7A,W
0573:  MOVWF  24
0574:  MOVF   79,W
0575:  MOVWF  23
0576:  MOVF   78,W
0577:  MOVWF  22
0578:  MOVF   77,W
0579:  MOVWF  21
....................    lcd_gotoxy(1,1);
057A:  MOVLW  01
057B:  MOVWF  37
057C:  MOVWF  38
057D:  CALL   210
....................    printf(LCD_PUTC, " \r Valor=%f ",(x*100)-50);
057E:  MOVF   24,W
057F:  MOVWF  39
0580:  MOVF   23,W
0581:  MOVWF  38
0582:  MOVF   22,W
0583:  MOVWF  37
0584:  MOVF   21,W
0585:  MOVWF  36
0586:  CLRF   3D
0587:  CLRF   3C
0588:  MOVLW  48
0589:  MOVWF  3B
058A:  MOVLW  85
058B:  MOVWF  3A
058C:  CALL   0CF
058D:  MOVF   7A,W
058E:  MOVWF  28
058F:  MOVF   79,W
0590:  MOVWF  27
0591:  MOVF   78,W
0592:  MOVWF  26
0593:  MOVF   77,W
0594:  MOVWF  25
0595:  BSF    03.1
0596:  MOVF   28,W
0597:  MOVWF  2C
0598:  MOVF   27,W
0599:  MOVWF  2B
059A:  MOVF   26,W
059B:  MOVWF  2A
059C:  MOVF   25,W
059D:  MOVWF  29
059E:  CLRF   30
059F:  CLRF   2F
05A0:  MOVLW  48
05A1:  MOVWF  2E
05A2:  MOVLW  84
05A3:  MOVWF  2D
05A4:  GOTO   222
05A5:  MOVF   7A,W
05A6:  MOVWF  28
05A7:  MOVF   79,W
05A8:  MOVWF  27
05A9:  MOVF   78,W
05AA:  MOVWF  26
05AB:  MOVF   77,W
05AC:  MOVWF  25
05AD:  MOVLW  04
05AE:  BSF    03.6
05AF:  MOVWF  0D
05B0:  MOVLW  00
05B1:  MOVWF  0F
05B2:  BCF    03.0
05B3:  MOVLW  09
05B4:  BCF    03.6
05B5:  MOVWF  29
05B6:  GOTO   391
05B7:  MOVLW  89
05B8:  MOVWF  04
05B9:  MOVF   28,W
05BA:  MOVWF  2C
05BB:  MOVF   27,W
05BC:  MOVWF  2B
05BD:  MOVF   26,W
05BE:  MOVWF  2A
05BF:  MOVF   25,W
05C0:  MOVWF  29
05C1:  MOVLW  02
05C2:  MOVWF  2D
05C3:  GOTO   439
05C4:  MOVLW  20
05C5:  MOVWF  36
05C6:  CALL   365
05C7:  GOTO   537
.................... 
.................... 
.................... 
....................       //TODO: User Code
....................    }
.................... 
.................... }
05C8:  SLEEP

Configuration Fuses:
   Word  1: 3F71   XT NOWDT PUT BROWNOUT NOLVP NOCPD NOWRT NODEBUG NOPROTECT
