CCS PCM C Compiler, Version 5.091, 13314               06-feb.-25 13:58

               Filename:   C:\Users\Equipo33\Dropbox\Curso Verano 2022\UPPuebla\Sistemas de computo\repositorio\segundo\main.lst

               ROM used:   626 words (8%)
                           Largest free fragment is 2048
               RAM used:   11 (3%) at main() level
                           30 (8%) worst case
               Stack used: 5 locations
               Stack size: 8

0000:  MOVLW  02
0001:  MOVWF  0A
0002:  GOTO   216
0003:  NOP
.................... 
.................... #include <16F877A.h>
.................... //////////// Standard Header file for the PIC16F877A device ////////////////
.................... ///////////////////////////////////////////////////////////////////////////
.................... ////        (C) Copyright 1996, 2014 Custom Computer Services          ////
.................... //// This source code may only be used by licensed users of the CCS C  ////
.................... //// compiler.  This source code may only be distributed to other      ////
.................... //// licensed users of the CCS C compiler.  No other use, reproduction ////
.................... //// or distribution is permitted without written permission.          ////
.................... //// Derivative programs created using this software in object code    ////
.................... //// form are not restricted in any way.                               ////
.................... ///////////////////////////////////////////////////////////////////////////
.................... #device PIC16F877A
0004:  DATA 45,35
0005:  DATA E5,36
0006:  DATA 70,36
0007:  DATA 6F,10
0008:  DATA CC,21
0009:  DATA 44,10
000A:  DATA 0A,00
000B:  DATA 0C,00
000C:  DATA C8,37
000D:  DATA EC,30
000E:  DATA A0,26
000F:  DATA 75,37
0010:  DATA E4,37
0011:  DATA 20,05
0012:  DATA 00,01
0013:  DATA E3,37
0014:  DATA 6E,3A
0015:  DATA 61,32
0016:  DATA 6F,39
0017:  DATA 3A,10
0018:  DATA 25,26
0019:  DATA 75,10
001A:  DATA 00,00
*
0102:  MOVF   0B,W
0103:  MOVWF  24
0104:  BCF    0B.7
0105:  BSF    03.5
0106:  BSF    03.6
0107:  BSF    0C.7
0108:  BSF    0C.0
0109:  NOP
010A:  NOP
010B:  BCF    03.5
010C:  BCF    03.6
010D:  BTFSC  24.7
010E:  BSF    0B.7
010F:  BSF    03.6
0110:  MOVF   0C,W
0111:  ANDLW  7F
0112:  BTFSC  03.2
0113:  GOTO   156
0114:  BCF    03.6
0115:  MOVWF  24
0116:  BSF    03.6
0117:  MOVF   0D,W
0118:  BCF    03.6
0119:  MOVWF  25
011A:  BSF    03.6
011B:  MOVF   0F,W
011C:  BCF    03.6
011D:  MOVWF  26
011E:  MOVF   24,W
011F:  MOVWF  2F
0120:  CALL   0D6
0121:  MOVF   25,W
0122:  BSF    03.6
0123:  MOVWF  0D
0124:  BCF    03.6
0125:  MOVF   26,W
0126:  BSF    03.6
0127:  MOVWF  0F
0128:  BCF    03.6
0129:  MOVF   0B,W
012A:  MOVWF  27
012B:  BCF    0B.7
012C:  BSF    03.5
012D:  BSF    03.6
012E:  BSF    0C.7
012F:  BSF    0C.0
0130:  NOP
0131:  NOP
0132:  BCF    03.5
0133:  BCF    03.6
0134:  BTFSC  27.7
0135:  BSF    0B.7
0136:  BSF    03.6
0137:  RLF    0C,W
0138:  RLF    0E,W
0139:  ANDLW  7F
013A:  BTFSC  03.2
013B:  GOTO   156
013C:  BCF    03.6
013D:  MOVWF  24
013E:  BSF    03.6
013F:  MOVF   0D,W
0140:  BCF    03.6
0141:  MOVWF  25
0142:  BSF    03.6
0143:  MOVF   0F,W
0144:  BCF    03.6
0145:  MOVWF  26
0146:  MOVF   24,W
0147:  MOVWF  2F
0148:  CALL   0D6
0149:  MOVF   25,W
014A:  BSF    03.6
014B:  MOVWF  0D
014C:  BCF    03.6
014D:  MOVF   26,W
014E:  BSF    03.6
014F:  MOVWF  0F
0150:  INCF   0D,F
0151:  BTFSC  03.2
0152:  INCF   0F,F
0153:  BCF    03.6
0154:  GOTO   102
0155:  BSF    03.6
0156:  BCF    03.6
0157:  RETURN
0158:  MOVF   0B,W
0159:  MOVWF  27
015A:  BCF    0B.7
015B:  BSF    03.5
015C:  BSF    03.6
015D:  BSF    0C.7
015E:  BSF    0C.0
015F:  NOP
0160:  NOP
0161:  BCF    03.5
0162:  BCF    03.6
0163:  BTFSC  27.7
0164:  BSF    0B.7
0165:  BTFSC  03.0
0166:  GOTO   18F
0167:  BSF    03.6
0168:  MOVF   0C,W
0169:  ANDLW  7F
016A:  BCF    03.6
016B:  MOVWF  27
016C:  BSF    03.6
016D:  MOVF   0D,W
016E:  BCF    03.6
016F:  MOVWF  28
0170:  BSF    03.6
0171:  MOVF   0F,W
0172:  BCF    03.6
0173:  MOVWF  29
0174:  MOVF   27,W
0175:  MOVWF  2F
0176:  CALL   0D6
0177:  MOVF   28,W
0178:  BSF    03.6
0179:  MOVWF  0D
017A:  BCF    03.6
017B:  MOVF   29,W
017C:  BSF    03.6
017D:  MOVWF  0F
017E:  BCF    03.6
017F:  MOVF   0B,W
0180:  MOVWF  2A
0181:  BCF    0B.7
0182:  BSF    03.5
0183:  BSF    03.6
0184:  BSF    0C.7
0185:  BSF    0C.0
0186:  NOP
0187:  NOP
0188:  BCF    03.5
0189:  BCF    03.6
018A:  BTFSC  2A.7
018B:  BSF    0B.7
018C:  DECFSZ 26,F
018D:  GOTO   18F
018E:  GOTO   1AE
018F:  BSF    03.6
0190:  RLF    0C,W
0191:  RLF    0E,W
0192:  ANDLW  7F
0193:  BCF    03.6
0194:  MOVWF  27
0195:  BSF    03.6
0196:  MOVF   0D,W
0197:  BCF    03.6
0198:  MOVWF  28
0199:  BSF    03.6
019A:  MOVF   0F,W
019B:  BCF    03.6
019C:  MOVWF  29
019D:  MOVF   27,W
019E:  MOVWF  2F
019F:  CALL   0D6
01A0:  MOVF   28,W
01A1:  BSF    03.6
01A2:  MOVWF  0D
01A3:  BCF    03.6
01A4:  MOVF   29,W
01A5:  BSF    03.6
01A6:  MOVWF  0F
01A7:  INCF   0D,F
01A8:  BTFSC  03.2
01A9:  INCF   0F,F
01AA:  BCF    03.0
01AB:  BCF    03.6
01AC:  DECFSZ 26,F
01AD:  GOTO   158
01AE:  BCF    0A.3
01AF:  BCF    0A.4
01B0:  GOTO   25C (RETURN)
01B1:  CLRF   2E
01B2:  MOVF   04,W
01B3:  MOVWF  2D
01B4:  BCF    2E.0
01B5:  BTFSC  03.7
01B6:  BSF    2E.0
01B7:  SWAPF  27,W
01B8:  IORLW  F0
01B9:  MOVWF  29
01BA:  ADDWF  29,F
01BB:  ADDLW  E2
01BC:  MOVWF  2A
01BD:  ADDLW  32
01BE:  MOVWF  2C
01BF:  MOVF   27,W
01C0:  ANDLW  0F
01C1:  ADDWF  2A,F
01C2:  ADDWF  2A,F
01C3:  ADDWF  2C,F
01C4:  ADDLW  E9
01C5:  MOVWF  2B
01C6:  ADDWF  2B,F
01C7:  ADDWF  2B,F
01C8:  SWAPF  26,W
01C9:  ANDLW  0F
01CA:  ADDWF  2B,F
01CB:  ADDWF  2C,F
01CC:  RLF    2B,F
01CD:  RLF    2C,F
01CE:  COMF   2C,F
01CF:  RLF    2C,F
01D0:  MOVF   26,W
01D1:  ANDLW  0F
01D2:  ADDWF  2C,F
01D3:  RLF    29,F
01D4:  MOVLW  07
01D5:  MOVWF  28
01D6:  MOVLW  0A
01D7:  ADDWF  2C,F
01D8:  DECF   2B,F
01D9:  BTFSS  03.0
01DA:  GOTO   1D7
01DB:  ADDWF  2B,F
01DC:  DECF   2A,F
01DD:  BTFSS  03.0
01DE:  GOTO   1DB
01DF:  ADDWF  2A,F
01E0:  DECF   29,F
01E1:  BTFSS  03.0
01E2:  GOTO   1DF
01E3:  ADDWF  29,F
01E4:  DECF   28,F
01E5:  BTFSS  03.0
01E6:  GOTO   1E3
01E7:  MOVLW  28
01E8:  MOVWF  04
01E9:  BCF    03.7
01EA:  MOVLW  07
01EB:  ANDWF  2D,W
01EC:  BCF    2D.6
01ED:  ADDWF  04,F
01EE:  MOVLW  2C
01EF:  SUBWF  04,W
01F0:  BTFSC  03.2
01F1:  BSF    2D.6
01F2:  MOVF   00,W
01F3:  MOVWF  77
01F4:  BTFSS  03.2
01F5:  GOTO   1FE
01F6:  BTFSC  2D.6
01F7:  GOTO   1FE
01F8:  BTFSC  2D.4
01F9:  GOTO   210
01FA:  BTFSC  2D.3
01FB:  GOTO   1FE
01FC:  MOVLW  20
01FD:  GOTO   201
01FE:  BSF    2D.3
01FF:  BCF    2D.4
0200:  MOVLW  30
0201:  ADDWF  77,F
0202:  CLRF   27
0203:  MOVF   04,W
0204:  MOVWF  26
0205:  BCF    27.0
0206:  BTFSC  03.7
0207:  BSF    27.0
0208:  MOVF   77,W
0209:  MOVWF  2F
020A:  CALL   0D6
020B:  MOVF   26,W
020C:  MOVWF  04
020D:  BCF    03.7
020E:  BTFSC  27.0
020F:  BSF    03.7
0210:  INCF   04,F
0211:  BTFSS  2D.6
0212:  GOTO   1EE
0213:  BCF    0A.3
0214:  BCF    0A.4
0215:  GOTO   263 (RETURN)
.................... 
.................... #list
.................... 
.................... #use delay(crystal=20000000)
*
001B:  MOVLW  30
001C:  MOVWF  04
001D:  BCF    03.7
001E:  MOVF   00,W
001F:  BTFSC  03.2
0020:  GOTO   02E
0021:  MOVLW  06
0022:  MOVWF  78
0023:  CLRF   77
0024:  DECFSZ 77,F
0025:  GOTO   024
0026:  DECFSZ 78,F
0027:  GOTO   023
0028:  MOVLW  7B
0029:  MOVWF  77
002A:  DECFSZ 77,F
002B:  GOTO   02A
002C:  DECFSZ 00,F
002D:  GOTO   021
002E:  RETURN
.................... #include <LCD.C>  //Biblioteca (Library)
.................... ///////////////////////////////////////////////////////////////////////////////
.................... ////                             LCD.C                                     ////
.................... ////                 Driver for common LCD modules                         ////
.................... ////                                                                       ////
.................... ////  lcd_init()   Must be called before any other function.               ////
.................... ////                                                                       ////
.................... ////  lcd_putc(c)  Will display c on the next position of the LCD.         ////
.................... ////                 \a  Set cursor position to upper left                 ////
.................... ////                 \f  Clear display, set cursor to upper left           ////
.................... ////                 \n  Go to start of second line                        ////
.................... ////                 \b  Move back one position                            ////
.................... ////              If LCD_EXTENDED_NEWLINE is defined, the \n character     ////
.................... ////              will erase all remanining characters on the current      ////
.................... ////              line, and move the cursor to the beginning of the next   ////
.................... ////              line.                                                    ////
.................... ////              If LCD_EXTENDED_NEWLINE is defined, the \r character     ////
.................... ////              will move the cursor to the start of the current         ////
.................... ////              line.                                                    ////
.................... ////                                                                       ////
.................... ////  lcd_gotoxy(x,y) Set write position on LCD (upper left is 1,1)        ////
.................... ////                                                                       ////
.................... ////  lcd_getc(x,y)   Returns character at position x,y on LCD             ////
.................... ////                                                                       ////
.................... ////  lcd_cursor_on(int1 on)   Turn the cursor on (on=TRUE) or off         ////
.................... ////              (on=FALSE).                                              ////
.................... ////                                                                       ////
.................... ////  lcd_set_cgram_char(w, *p)   Write a custom character to the CGRAM.   ////
.................... ////                                                                       ////
.................... ////                                                                       ////
.................... ////  CONFIGURATION                                                        ////
.................... ////  The LCD can be configured in one of two ways: a.) port access or     ////
.................... ////  b.) pin access.  Port access requires the entire 7 bit interface     ////
.................... ////  connected to one GPIO port, and the data bits (D4:D7 of the LCD)     ////
.................... ////  connected to sequential pins on the GPIO.  Pin access                ////
.................... ////  has no requirements, all 7 bits of the control interface can         ////
.................... ////  can be connected to any GPIO using several ports.                    ////
.................... ////                                                                       ////
.................... ////  To use port access, #define LCD_DATA_PORT to the SFR location of     ////
.................... ////  of the GPIO port that holds the interface, -AND- edit LCD_PIN_MAP    ////
.................... ////  of this file to configure the pin order.  If you are using a         ////
.................... ////  baseline PIC (PCB), then LCD_OUTPUT_MAP and LCD_INPUT_MAP also must  ////
.................... ////  be defined.                                                          ////
.................... ////                                                                       ////
.................... ////  Example of port access:                                              ////
.................... ////     #define LCD_DATA_PORT getenv("SFR:PORTD")                         ////
.................... ////                                                                       ////
.................... ////  To use pin access, the following pins must be defined:               ////
.................... ////     LCD_ENABLE_PIN                                                    ////
.................... ////     LCD_RS_PIN                                                        ////
.................... ////     LCD_RW_PIN                                                        ////
.................... ////     LCD_DATA4                                                         ////
.................... ////     LCD_DATA5                                                         ////
.................... ////     LCD_DATA6                                                         ////
.................... ////     LCD_DATA7                                                         ////
.................... ////                                                                       ////
.................... ////  Example of pin access:                                               ////
.................... ////     #define LCD_ENABLE_PIN  PIN_E0                                    ////
.................... ////     #define LCD_RS_PIN      PIN_E1                                    ////
.................... ////     #define LCD_RW_PIN      PIN_E2                                    ////
.................... ////     #define LCD_DATA4       PIN_D4                                    ////
.................... ////     #define LCD_DATA5       PIN_D5                                    ////
.................... ////     #define LCD_DATA6       PIN_D6                                    ////
.................... ////     #define LCD_DATA7       PIN_D7                                    ////
.................... ////                                                                       ////
.................... ///////////////////////////////////////////////////////////////////////////////
.................... ////        (C) Copyright 1996,2010 Custom Computer Services           ////
.................... //// This source code may only be used by licensed users of the CCS C  ////
.................... //// compiler.  This source code may only be distributed to other      ////
.................... //// licensed users of the CCS C compiler.  No other use, reproduction ////
.................... //// or distribution is permitted without written permission.          ////
.................... //// Derivative programs created using this software in object code    ////
.................... //// form are not restricted in any way.                               ////
.................... ///////////////////////////////////////////////////////////////////////////
.................... 
.................... #ifndef __LCD_C__
.................... #define __LCD_C__
.................... 
.................... // define the pinout.
.................... // only required if port access is being used.
.................... typedef struct  
.................... {                            // This structure is overlayed
....................    int1 enable;           // on to an I/O port to gain
....................    int1 rs;               // access to the LCD pins.
....................    int1 rw;               // The bits are allocated from
....................    int1 unused;           // low order up.  ENABLE will
....................    unsigned int     data : 4;         // be LSB pin of that port.
....................   #if defined(__PCD__)       // The port used will be LCD_DATA_PORT.
....................    unsigned int    reserved: 8;
....................   #endif
.................... } LCD_PIN_MAP;
.................... 
.................... // this is to improve compatability with previous LCD drivers that accepted
.................... // a define labeled 'use_portb_lcd' that configured the LCD onto port B.
.................... #if ((defined(use_portb_lcd)) && (use_portb_lcd==TRUE))
....................  #define LCD_DATA_PORT getenv("SFR:PORTB")
.................... #endif
.................... 
.................... #if defined(__PCB__)
....................    // these definitions only need to be modified for baseline PICs.
....................    // all other PICs use LCD_PIN_MAP or individual LCD_xxx pin definitions.
.................... /*                                    EN, RS,   RW,   UNUSED,  DATA  */
....................  const LCD_PIN_MAP LCD_OUTPUT_MAP =  {0,  0,    0,    0,       0};
....................  const LCD_PIN_MAP LCD_INPUT_MAP =   {0,  0,    0,    0,       0xF};
.................... #endif
.................... 
.................... ////////////////////// END CONFIGURATION ///////////////////////////////////
.................... 
.................... #ifndef LCD_ENABLE_PIN
....................    #define lcd_output_enable(x) lcdlat.enable=x
....................    #define lcd_enable_tris()   lcdtris.enable=0
.................... #else
....................    #define lcd_output_enable(x) output_bit(LCD_ENABLE_PIN, x)
....................    #define lcd_enable_tris()  output_drive(LCD_ENABLE_PIN)
.................... #endif
.................... 
.................... #ifndef LCD_RS_PIN
....................    #define lcd_output_rs(x) lcdlat.rs=x
....................    #define lcd_rs_tris()   lcdtris.rs=0
.................... #else
....................    #define lcd_output_rs(x) output_bit(LCD_RS_PIN, x)
....................    #define lcd_rs_tris()  output_drive(LCD_RS_PIN)
.................... #endif
.................... 
.................... #ifndef LCD_RW_PIN
....................    #define lcd_output_rw(x) lcdlat.rw=x
....................    #define lcd_rw_tris()   lcdtris.rw=0
.................... #else
....................    #define lcd_output_rw(x) output_bit(LCD_RW_PIN, x)
....................    #define lcd_rw_tris()  output_drive(LCD_RW_PIN)
.................... #endif
.................... 
.................... // original version of this library incorrectly labeled LCD_DATA0 as LCD_DATA4,
.................... // LCD_DATA1 as LCD_DATA5, and so on.  this block of code makes the driver
.................... // compatible with any code written for the original library
.................... #if (defined(LCD_DATA0) && defined(LCD_DATA1) && defined(LCD_DATA2) && defined(LCD_DATA3) && !defined(LCD_DATA4) && !defined(LCD_DATA5) && !defined(LCD_DATA6) && !defined(LCD_DATA7))
....................    #define  LCD_DATA4    LCD_DATA0
....................    #define  LCD_DATA5    LCD_DATA1
....................    #define  LCD_DATA6    LCD_DATA2
....................    #define  LCD_DATA7    LCD_DATA3
.................... #endif
.................... 
.................... #ifndef LCD_DATA4
.................... #ifndef LCD_DATA_PORT
....................    #if defined(__PCB__)
....................       #define LCD_DATA_PORT      0x06     //portb
....................       #define set_tris_lcd(x)   set_tris_b(x)
....................    #else
....................      #if defined(PIN_D0)
....................       #define LCD_DATA_PORT      getenv("SFR:PORTD")     //portd
....................      #else
....................       #define LCD_DATA_PORT      getenv("SFR:PORTB")     //portb
....................      #endif
....................    #endif   
.................... #endif
.................... 
.................... #if defined(__PCB__)
....................    LCD_PIN_MAP lcd, lcdlat;
....................    #byte lcd = LCD_DATA_PORT
....................    #byte lcdlat = LCD_DATA_PORT
.................... #elif defined(__PCM__)
....................    LCD_PIN_MAP lcd, lcdlat, lcdtris;
....................    #byte lcd = LCD_DATA_PORT
....................    #byte lcdlat = LCD_DATA_PORT
....................    #byte lcdtris = LCD_DATA_PORT+0x80
.................... #elif defined(__PCH__)
....................    LCD_PIN_MAP lcd, lcdlat, lcdtris;
....................    #byte lcd = LCD_DATA_PORT
....................    #byte lcdlat = LCD_DATA_PORT+9
....................    #byte lcdtris = LCD_DATA_PORT+0x12
.................... #elif defined(__PCD__)
....................    LCD_PIN_MAP lcd, lcdlat, lcdtris;
....................    #word lcd = LCD_DATA_PORT
....................    #word lcdlat = LCD_DATA_PORT+2
....................    #word lcdtris = LCD_DATA_PORT-0x02
.................... #endif
.................... #endif   //LCD_DATA4 not defined
.................... 
.................... #ifndef LCD_TYPE
....................    #define LCD_TYPE 2           // 0=5x7, 1=5x10, 2=2 lines
.................... #endif
.................... 
.................... #ifndef LCD_LINE_TWO
....................    #define LCD_LINE_TWO 0x40    // LCD RAM address for the second line
.................... #endif
.................... 
.................... #ifndef LCD_LINE_LENGTH
....................    #define LCD_LINE_LENGTH 20
.................... #endif
.................... 
.................... unsigned int8 lcd_read_nibble(void);
.................... 
.................... unsigned int8 lcd_read_byte(void)
.................... {
....................    unsigned int8 low,high;
.................... 
....................  #if defined(__PCB__)
....................    set_tris_lcd(LCD_INPUT_MAP);
....................  #else
....................   #if (defined(LCD_DATA4) && defined(LCD_DATA5) && defined(LCD_DATA6) && defined(LCD_DATA7))
....................    output_float(LCD_DATA4);
....................    output_float(LCD_DATA5);
....................    output_float(LCD_DATA6);
....................    output_float(LCD_DATA7);
....................   #else
....................    lcdtris.data = 0xF;
*
004A:  MOVLW  0F
004B:  BSF    03.5
004C:  ANDWF  08,W
004D:  IORLW  F0
004E:  MOVWF  08
....................   #endif
....................  #endif
....................         
....................    lcd_output_rw(1);
004F:  BCF    03.5
0050:  BSF    08.2
....................    delay_cycles(1);
0051:  NOP
....................    lcd_output_enable(1);
0052:  BSF    08.0
....................    delay_cycles(1);
0053:  NOP
....................    high = lcd_read_nibble();
0054:  CALL   03E
0055:  MOVF   78,W
0056:  MOVWF  37
....................       
....................    lcd_output_enable(0);
0057:  BCF    08.0
....................    delay_cycles(1);
0058:  NOP
....................    lcd_output_enable(1);
0059:  BSF    08.0
....................    delay_us(1);
005A:  GOTO   05B
005B:  GOTO   05C
005C:  NOP
....................    low = lcd_read_nibble();
005D:  CALL   03E
005E:  MOVF   78,W
005F:  MOVWF  36
....................       
....................    lcd_output_enable(0);
0060:  BCF    08.0
.................... 
....................  #if defined(__PCB__)
....................    set_tris_lcd(LCD_OUTPUT_MAP);
....................  #else
....................   #if (defined(LCD_DATA4) && defined(LCD_DATA5) && defined(LCD_DATA6) && defined(LCD_DATA7))
....................    output_drive(LCD_DATA4);
....................    output_drive(LCD_DATA5);
....................    output_drive(LCD_DATA6);
....................    output_drive(LCD_DATA7);
....................   #else
....................    lcdtris.data = 0x0;
0061:  MOVLW  0F
0062:  BSF    03.5
0063:  ANDWF  08,W
0064:  MOVWF  08
....................   #endif
....................  #endif
.................... 
....................    return( (high<<4) | low);
0065:  BCF    03.5
0066:  SWAPF  37,W
0067:  MOVWF  77
0068:  MOVLW  F0
0069:  ANDWF  77,F
006A:  MOVF   77,W
006B:  IORWF  36,W
006C:  MOVWF  78
.................... }
.................... 
.................... unsigned int8 lcd_read_nibble(void)
.................... {
....................   #if (defined(LCD_DATA4) && defined(LCD_DATA5) && defined(LCD_DATA6) && defined(LCD_DATA7))
....................    unsigned int8 n = 0x00;
.................... 
....................    /* Read the data port */
....................    n |= input(LCD_DATA4);
....................    n |= input(LCD_DATA5) << 1;
....................    n |= input(LCD_DATA6) << 2;
....................    n |= input(LCD_DATA7) << 3;
....................    
....................    return(n);
....................   #else
....................    return(lcd.data);
*
003E:  MOVF   08,W
003F:  MOVWF  77
0040:  SWAPF  08,W
0041:  ANDLW  0F
0042:  MOVWF  78
....................   #endif
0043:  RETURN
.................... }
.................... 
.................... void lcd_send_nibble(unsigned int8 n)
.................... {
....................   #if (defined(LCD_DATA4) && defined(LCD_DATA5) && defined(LCD_DATA6) && defined(LCD_DATA7))
....................    /* Write to the data port */
....................    output_bit(LCD_DATA4, bit_test(n, 0));
....................    output_bit(LCD_DATA5, bit_test(n, 1));
....................    output_bit(LCD_DATA6, bit_test(n, 2));
....................    output_bit(LCD_DATA7, bit_test(n, 3));
....................   #else      
....................    lcdlat.data = n;
*
002F:  SWAPF  37,W
0030:  ANDLW  F0
0031:  MOVWF  77
0032:  MOVLW  0F
0033:  ANDWF  08,W
0034:  IORWF  77,W
0035:  MOVWF  08
....................   #endif
....................       
....................    delay_cycles(1);
0036:  NOP
....................    lcd_output_enable(1);
0037:  BSF    08.0
....................    delay_us(2);
0038:  MOVLW  03
0039:  MOVWF  77
003A:  DECFSZ 77,F
003B:  GOTO   03A
....................    lcd_output_enable(0);
003C:  BCF    08.0
003D:  RETURN
.................... }
.................... 
.................... void lcd_send_byte(unsigned int8 address, unsigned int8 n)
.................... {
....................   #if defined(__PCB__)
....................    set_tris_lcd(LCD_OUTPUT_MAP);
....................   #else
....................    lcd_enable_tris();
*
0044:  BSF    03.5
0045:  BCF    08.0
....................    lcd_rs_tris();
0046:  BCF    08.1
....................    lcd_rw_tris();
0047:  BCF    08.2
....................   #endif
.................... 
....................    lcd_output_rs(0);
0048:  BCF    03.5
0049:  BCF    08.1
....................    while ( bit_test(lcd_read_byte(),7) ) ;
*
006D:  MOVF   78,W
006E:  MOVWF  36
006F:  BTFSC  36.7
0070:  GOTO   04A
....................    lcd_output_rs(address);
0071:  BTFSS  34.0
0072:  BCF    08.1
0073:  BTFSC  34.0
0074:  BSF    08.1
....................    delay_cycles(1);
0075:  NOP
....................    lcd_output_rw(0);
0076:  BCF    08.2
....................    delay_cycles(1);
0077:  NOP
....................    lcd_output_enable(0);
0078:  BCF    08.0
....................    lcd_send_nibble(n >> 4);
0079:  SWAPF  35,W
007A:  MOVWF  36
007B:  MOVLW  0F
007C:  ANDWF  36,F
007D:  MOVF   36,W
007E:  MOVWF  37
007F:  CALL   02F
....................    lcd_send_nibble(n & 0xf);
0080:  MOVF   35,W
0081:  ANDLW  0F
0082:  MOVWF  36
0083:  MOVWF  37
0084:  CALL   02F
0085:  RETURN
.................... }
.................... 
.................... #if defined(LCD_EXTENDED_NEWLINE)
.................... unsigned int8 g_LcdX, g_LcdY;
.................... #endif
.................... 
.................... void lcd_init(void) 
.................... {
....................    unsigned int8 i;
....................    unsigned int8 LCD_INIT_STRING[4] = {0x20 | (LCD_TYPE << 2), 0xc, 1, 6};
0086:  MOVLW  28
0087:  MOVWF  25
0088:  MOVLW  0C
0089:  MOVWF  26
008A:  MOVLW  01
008B:  MOVWF  27
008C:  MOVLW  06
008D:  MOVWF  28
....................                              // These bytes need to be sent to the LCD
....................                              // to start it up.
....................    
.................... 
....................    lcd_output_enable(0);
008E:  BCF    08.0
....................    lcd_output_rs(0);
008F:  BCF    08.1
....................    lcd_output_rw(0);
0090:  BCF    08.2
.................... 
....................  #if defined(__PCB__)
....................    set_tris_lcd(LCD_OUTPUT_MAP);
....................  #else
....................   #if (defined(LCD_DATA4) && defined(LCD_DATA5) && defined(LCD_DATA6) && defined(LCD_DATA7))
....................    output_drive(LCD_DATA4);
....................    output_drive(LCD_DATA5);
....................    output_drive(LCD_DATA6);
....................    output_drive(LCD_DATA7);
....................   #else
....................    lcdtris.data = 0x0;
0091:  MOVLW  0F
0092:  BSF    03.5
0093:  ANDWF  08,W
0094:  MOVWF  08
....................   #endif
....................    lcd_enable_tris();
0095:  BCF    08.0
....................    lcd_rs_tris();
0096:  BCF    08.1
....................    lcd_rw_tris();
0097:  BCF    08.2
....................  #endif
....................     
....................    delay_ms(15);
0098:  MOVLW  0F
0099:  BCF    03.5
009A:  MOVWF  30
009B:  CALL   01B
....................    for(i=1;i<=3;++i)
009C:  MOVLW  01
009D:  MOVWF  24
009E:  MOVF   24,W
009F:  SUBLW  03
00A0:  BTFSS  03.0
00A1:  GOTO   0AA
....................    {
....................        lcd_send_nibble(3);
00A2:  MOVLW  03
00A3:  MOVWF  37
00A4:  CALL   02F
....................        delay_ms(5);
00A5:  MOVLW  05
00A6:  MOVWF  30
00A7:  CALL   01B
00A8:  INCF   24,F
00A9:  GOTO   09E
....................    }
....................    
....................    lcd_send_nibble(2);
00AA:  MOVLW  02
00AB:  MOVWF  37
00AC:  CALL   02F
....................    delay_ms(5);
00AD:  MOVLW  05
00AE:  MOVWF  30
00AF:  CALL   01B
....................    for(i=0;i<=3;++i)
00B0:  CLRF   24
00B1:  MOVF   24,W
00B2:  SUBLW  03
00B3:  BTFSS  03.0
00B4:  GOTO   0C1
....................       lcd_send_byte(0,LCD_INIT_STRING[i]);
00B5:  MOVLW  25
00B6:  ADDWF  24,W
00B7:  MOVWF  04
00B8:  BCF    03.7
00B9:  MOVF   00,W
00BA:  MOVWF  29
00BB:  CLRF   34
00BC:  MOVF   29,W
00BD:  MOVWF  35
00BE:  CALL   044
.................... 
....................   #if defined(LCD_EXTENDED_NEWLINE)
00BF:  INCF   24,F
00C0:  GOTO   0B1
00C1:  BCF    0A.3
00C2:  BCF    0A.4
00C3:  GOTO   225 (RETURN)
....................    g_LcdX = 0;
....................    g_LcdY = 0;
....................   #endif
.................... }
.................... 
.................... void lcd_gotoxy(unsigned int8 x, unsigned int8 y)
.................... {
....................    unsigned int8 address;
....................    
....................    if(y!=1)
00C4:  DECFSZ 31,W
00C5:  GOTO   0C7
00C6:  GOTO   0CA
....................       address=LCD_LINE_TWO;
00C7:  MOVLW  40
00C8:  MOVWF  32
00C9:  GOTO   0CB
....................    else
....................       address=0;
00CA:  CLRF   32
....................      
....................    address+=x-1;
00CB:  MOVLW  01
00CC:  SUBWF  30,W
00CD:  ADDWF  32,F
....................    lcd_send_byte(0,0x80|address);
00CE:  MOVF   32,W
00CF:  IORLW  80
00D0:  MOVWF  33
00D1:  CLRF   34
00D2:  MOVF   33,W
00D3:  MOVWF  35
00D4:  CALL   044
.................... 
....................   #if defined(LCD_EXTENDED_NEWLINE)
00D5:  RETURN
....................    g_LcdX = x - 1;
....................    g_LcdY = y - 1;
....................   #endif
.................... }
.................... 
.................... void lcd_putc(char c)
.................... {
....................    switch (c)
00D6:  MOVF   2F,W
00D7:  XORLW  07
00D8:  BTFSC  03.2
00D9:  GOTO   0E4
00DA:  XORLW  0B
00DB:  BTFSC  03.2
00DC:  GOTO   0E9
00DD:  XORLW  06
00DE:  BTFSC  03.2
00DF:  GOTO   0F1
00E0:  XORLW  02
00E1:  BTFSC  03.2
00E2:  GOTO   0F7
00E3:  GOTO   0FC
....................    {
....................       case '\a'   :  lcd_gotoxy(1,1);     break;
00E4:  MOVLW  01
00E5:  MOVWF  30
00E6:  MOVWF  31
00E7:  CALL   0C4
00E8:  GOTO   101
.................... 
....................       case '\f'   :  lcd_send_byte(0,1);
00E9:  CLRF   34
00EA:  MOVLW  01
00EB:  MOVWF  35
00EC:  CALL   044
....................                      delay_ms(2);
00ED:  MOVLW  02
00EE:  MOVWF  30
00EF:  CALL   01B
....................                     #if defined(LCD_EXTENDED_NEWLINE)
....................                      g_LcdX = 0;
....................                      g_LcdY = 0;
....................                     #endif
....................                      break;
00F0:  GOTO   101
.................... 
....................      #if defined(LCD_EXTENDED_NEWLINE)
....................       case '\r'   :  lcd_gotoxy(1, g_LcdY+1);   break;
....................       case '\n'   :
....................          while (g_LcdX++ < LCD_LINE_LENGTH)
....................          {
....................             lcd_send_byte(1, ' ');
....................          }
....................          lcd_gotoxy(1, g_LcdY+2);
....................          break;
....................      #else
....................       case '\n'   : lcd_gotoxy(1,2);        break;
00F1:  MOVLW  01
00F2:  MOVWF  30
00F3:  MOVLW  02
00F4:  MOVWF  31
00F5:  CALL   0C4
00F6:  GOTO   101
....................      #endif
....................      
....................       case '\b'   : lcd_send_byte(0,0x10);  break;
00F7:  CLRF   34
00F8:  MOVLW  10
00F9:  MOVWF  35
00FA:  CALL   044
00FB:  GOTO   101
....................      
....................      #if defined(LCD_EXTENDED_NEWLINE)
....................       default     : 
....................          if (g_LcdX < LCD_LINE_LENGTH)
....................          {
....................             lcd_send_byte(1, c);
....................             g_LcdX++;
....................          }
....................          break;
....................      #else
....................       default     : lcd_send_byte(1,c);     break;
00FC:  MOVLW  01
00FD:  MOVWF  34
00FE:  MOVF   2F,W
00FF:  MOVWF  35
0100:  CALL   044
....................      #endif
....................    }
0101:  RETURN
.................... }
....................  
.................... char lcd_getc(unsigned int8 x, unsigned int8 y)
.................... {
....................    char value;
.................... 
....................    lcd_gotoxy(x,y);
....................    while ( bit_test(lcd_read_byte(),7) ); // wait until busy flag is low
....................    lcd_output_rs(1);
....................    value = lcd_read_byte();
....................    lcd_output_rs(0);
....................    
....................    return(value);
.................... }
.................... 
.................... // write a custom character to the ram
.................... // which is 0-7 and specifies which character array we are modifying.
.................... // ptr points to an array of 8 bytes, where each byte is the next row of
.................... //    pixels.  only bits 0-4 are used.  the last row is the cursor row, and
.................... //    usually you will want to leave this byte 0x00.
.................... void lcd_set_cgram_char(unsigned int8 which, unsigned int8 *ptr)
.................... {
....................    unsigned int i;
.................... 
....................    which <<= 3;
....................    which &= 0x38;
.................... 
....................    lcd_send_byte(0, 0x40 | which);  //set cgram address
.................... 
....................    for(i=0; i<8; i++)
....................    {
....................       lcd_send_byte(1, *ptr++);
....................    }
....................   
....................    #if defined(LCD_EXTENDED_NEWLINE)
....................     lcd_gotoxy(g_LcdX+1, g_LcdY+1);  //set ddram address
....................    #endif
.................... }
.................... 
.................... void lcd_cursor_on(int1 on)
.................... {
....................    if (on)
....................    {
....................       lcd_send_byte(0,0x0F);           //turn LCD cursor ON
....................    }
....................    else
....................    {
....................       lcd_send_byte(0,0x0C);           //turn LCD cursor OFF
....................    }
.................... }
.................... 
.................... #endif
.................... 
.................... unsigned int16  j;  //variable entera
.................... void main()
*
0216:  MOVF   03,W
0217:  ANDLW  1F
0218:  MOVWF  03
0219:  CLRF   23
021A:  CLRF   22
021B:  BSF    03.5
021C:  BSF    1F.0
021D:  BSF    1F.1
021E:  BSF    1F.2
021F:  BCF    1F.3
0220:  MOVLW  07
0221:  MOVWF  1C
0222:  BCF    03.7
.................... {
....................    lcd_init();   //inicializar la pantalla LCD
0223:  BCF    03.5
0224:  GOTO   086
....................    lcd_putc("Ejemplo LCD \n");
0225:  MOVLW  04
0226:  BSF    03.6
0227:  MOVWF  0D
0228:  MOVLW  00
0229:  MOVWF  0F
022A:  BCF    03.6
022B:  CALL   102
....................    delay_ms(500);
022C:  MOVLW  02
022D:  MOVWF  24
022E:  MOVLW  FA
022F:  MOVWF  30
0230:  CALL   01B
0231:  DECFSZ 24,F
0232:  GOTO   22E
....................    lcd_putc("\f");
0233:  MOVLW  0B
0234:  BSF    03.6
0235:  MOVWF  0D
0236:  MOVLW  00
0237:  MOVWF  0F
0238:  BCF    03.6
0239:  CALL   102
....................    lcd_putc("Hola Mundo \n");
023A:  MOVLW  0C
023B:  BSF    03.6
023C:  MOVWF  0D
023D:  MOVLW  00
023E:  MOVWF  0F
023F:  BCF    03.6
0240:  CALL   102
....................    j=250;
0241:  CLRF   21
0242:  MOVLW  FA
0243:  MOVWF  20
....................    while(TRUE)  //ciclo infinito
....................    {
....................       //for(i=0;i<10;i++)
....................         //{ 
....................         lcd_gotoxy(3, 5);
0244:  MOVLW  03
0245:  MOVWF  30
0246:  MOVLW  05
0247:  MOVWF  31
0248:  CALL   0C4
....................         printf(lcd_putc,"contador: %Lu ",j++);//imprimir a pantalla
0249:  MOVF   21,W
024A:  MOVWF  7A
024B:  MOVF   20,W
024C:  INCF   20,F
024D:  BTFSC  03.2
024E:  INCF   21,F
024F:  MOVWF  24
0250:  MOVF   7A,W
0251:  MOVWF  25
0252:  MOVLW  13
0253:  BSF    03.6
0254:  MOVWF  0D
0255:  MOVLW  00
0256:  MOVWF  0F
0257:  BCF    03.0
0258:  MOVLW  0A
0259:  BCF    03.6
025A:  MOVWF  26
025B:  GOTO   158
025C:  MOVLW  10
025D:  MOVWF  04
025E:  MOVF   25,W
025F:  MOVWF  27
0260:  MOVF   24,W
0261:  MOVWF  26
0262:  GOTO   1B1
0263:  MOVLW  20
0264:  MOVWF  2F
0265:  CALL   0D6
....................         
....................         
....................           delay_ms(1000); 
0266:  MOVLW  04
0267:  MOVWF  24
0268:  MOVLW  FA
0269:  MOVWF  30
026A:  CALL   01B
026B:  DECFSZ 24,F
026C:  GOTO   268
....................         
....................         
....................       #ASM  //Aquí se inicia el uso de lenguaje ensamblador
026D:  NOP
026E:  BCF    03.5
026F:  BCF    03.6
....................       NOP
....................       #ENDASM//no hacer nada
0270:  GOTO   244
....................       //Aquí se termina el uso de lenguaje ensamblador
....................       //TODO: User Code
....................    }
.................... 
.................... }
0271:  SLEEP

Configuration Fuses:
   Word  1: 3F72   HS NOWDT PUT BROWNOUT NOLVP NOCPD NOWRT NODEBUG NOPROTECT
